 mysqlmanager

 Timestamp is 5279a9fc (Wed Nov 06 02:31:24 2013)

 Preferred load address is 0000000140000000

 Start         Length     Name                   Class
 0001:00000000 000ea755H .text                   CODE
 0001:000ea760 00001026H .text$0                 CODE
 0001:000eb790 000010a0H .text$00                CODE
 0001:000ec830 00001020H .text$yd                CODE
 0002:00000000 00000109H .CRT$XCA                DATA
 0002:00000110 00000109H .CRT$XCZ                DATA
 0002:00000220 00000109H .CRT$XIA                DATA
 0002:00000330 0000011cH .CRT$XIC                DATA
 0002:00000450 00000109H .CRT$XIY                DATA
 0002:00000560 00000109H .CRT$XIZ                DATA
 0002:00000670 00000008H .CRT$XLA                DATA
 0002:00000678 00000008H .CRT$XLZ                DATA
 0002:00000680 00000109H .CRT$XPA                DATA
 0002:00000790 00000109H .CRT$XPX                DATA
 0002:000008a0 00000109H .CRT$XPXA               DATA
 0002:000009b0 00000109H .CRT$XPZ                DATA
 0002:00000ac0 00000109H .CRT$XTA                DATA
 0002:00000bd0 00000109H .CRT$XTZ                DATA
 0002:00000ce0 000195a8H .rdata                  DATA
 0002:0001a288 00000130H .rdata$T                DATA
 0002:0001a3b8 000001abH .rdata$debug            DATA
 0002:0001a568 0000474aH .rdata$r                DATA
 0002:0001ecb8 00000109H .rtc$IAA                DATA
 0002:0001edc8 00000109H .rtc$IZZ                DATA
 0002:0001eed8 00000109H .rtc$TAA                DATA
 0002:0001efe8 00000109H .rtc$TZZ                DATA
 0002:0001f0f8 00011980H .xdata                  DATA
 0002:00030a78 0000019eH .xdata$x                DATA
 0002:00030c16 00000000H .edata                  DATA
 0003:00000000 0015a602H .data                   DATA
 0003:0015a620 000059e4H .bss                    DATA
 0004:00000000 0000b9a0H .pdata                  DATA
 0005:00000000 00000064H .idata$2                DATA
 0005:00000064 00000014H .idata$3                DATA
 0005:00000078 00000870H .idata$4                DATA
 0005:000008e8 00000870H .idata$5                DATA
 0005:00001158 00000dd6H .idata$6                DATA
 0006:00000000 00000101H .tls                    DATA
 0006:00000110 000001e6H .tls$                   DATA
 0006:000002f6 00000101H .tls$ZZZ                DATA

  Address         Publics by Value              Rva+Base               Lib:Object

 0000:00000000       ___safe_se_handler_table   0000000000000000     <absolute>
 0000:00000000       ___safe_se_handler_count   0000000000000000     <absolute>
 0000:00000000       __ImageBase                0000000140000000     <linker-defined>
 0001:000012a0       ?reserve@Buffer@@QEAAH_K0@Z 00000001400022a0 f   buffer.obj
 0001:000013c0       ?get_size@Buffer@@QEAAHXZ  00000001400023c0 f   buffer.obj
 0001:000013d0       ?is_error@Buffer@@QEAAHXZ  00000001400023d0 f   buffer.obj
 0001:000013e0       ?append@Buffer@@QEAAH_KPEBD0@Z 00000001400023e0 f   buffer.obj
 0001:00001460       ?get_instance_map@Manager@@SAPEAVInstance_map@@XZ 0000000140002460 f i command.obj
 0001:00001470       ?get_guardian@Manager@@SAPEAVGuardian@@XZ 0000000140002470 f i command.obj
 0001:00001480       ??0Command@@QEAA@XZ        0000000140002480 f   command.obj
 0001:000014b0       ??1Command@@UEAA@XZ        00000001400024b0 f   command.obj
 0001:000014c0       ??_GCommand@@UEAAPEAXI@Z   00000001400024c0 f i command.obj
 0001:000014c0       ??_ECommand@@UEAAPEAXI@Z   00000001400024c0 f i command.obj
 0001:000014f0       ?alloc_str@Named_value@@SAPEADPEBUst_mysql_lex_string@@@Z 00000001400024f0 f i commands.obj
 0001:00001510       ?free_str@Named_value@@SAXPEAPEAD@Z 0000000140002510 f i commands.obj
 0001:00001540       ??0Named_value@@QEAA@XZ    0000000140002540 f i commands.obj
 0001:00001550       ??0Named_value@@QEAA@PEAD0@Z 0000000140002550 f i commands.obj
 0001:00001560       ?get_name@Named_value@@QEAAPEADXZ 0000000140002560 f i commands.obj
 0001:00001570       ?get_value@Named_value@@QEAAPEADXZ 0000000140002570 f i commands.obj
 0001:00001580       ?free@Named_value@@QEAAXXZ 0000000140002580 f i commands.obj
 0001:000015c0       ?get_size@Named_value_arr@@QEBAHXZ 00000001400025c0 f i commands.obj
 0001:000015d0       ?get_element@Named_value_arr@@QEBA?AVNamed_value@@H@Z 00000001400025d0 f i commands.obj
 0001:00001600       ?add_element@Named_value_arr@@QEAA_NPEAVNamed_value@@@Z 0000000140002600 f i commands.obj
 0001:00001620       ?get_word@@YAXPEAPEBDPEA_KW4enum_seek_method@@@Z 0000000140002620 f i commands.obj
 0001:00001740       ?get_num_options@Instance_options@@QEBAHXZ 0000000140002740 f i commands.obj
 0001:00001750       ?get_option@Instance_options@@QEBA?AVNamed_value@@H@Z 0000000140002750 f i commands.obj
 0001:00001780       ?get_str@Instance_name@@QEBAPEBUst_mysql_lex_string@@XZ 0000000140002780 f i commands.obj
 0001:00001790       ?is_mysqld_compatible@Instance@@QEBA_NXZ 0000000140002790 f i commands.obj
 0001:000017a0       ?is_configured@Instance@@QEBA_NXZ 00000001400027a0 f i commands.obj
 0001:000017b0       ?get_name@Instance@@QEBAPEBUst_mysql_lex_string@@XZ 00000001400027b0 f i commands.obj
 0001:000017c0       ?set_state@Instance@@QEAAXW4enum_instance_state@1@@Z 00000001400027c0 f i commands.obj
 0001:000017d0       ?get_instance_name@Instance_cmd@@IEBAPEBUst_mysql_lex_string@@XZ 00000001400027d0 f i commands.obj
 0001:000017f0       ??0Buffer@@QEAA@_K@Z       00000001400027f0 f i commands.obj
 0001:00001840       ??1Buffer@@QEAA@XZ         0000000140002840 f i commands.obj
 0001:00001850       ??0Iterator@Instance_map@@QEAA@PEAV1@@Z 0000000140002850 f i commands.obj
 0001:00001930       ??0Instance_name@@QEAA@PEBUst_mysql_lex_string@@@Z 0000000140002930 f   commands.obj
 0001:00001980       ?write_header@Show_instances@@AEAAHPEAUst_net@@@Z 0000000140002980 f   commands.obj
 0001:00001a10       ?write_data@Show_instances@@AEAAHPEAUst_net@@@Z 0000000140002a10 f   commands.obj
 0001:00001bc0       ?execute@Flush_instances@@UEAAHPEAUst_net@@K@Z 0000000140002bc0 f   commands.obj
 0001:00001c10       ??0Instance_cmd@@QEAA@PEBUst_mysql_lex_string@@@Z 0000000140002c10 f   commands.obj
 0001:00001c60       ??1Instance_cmd@@UEAA@XZ   0000000140002c60 f i commands.obj
 0001:00001c70       ??0Abstract_instance_cmd@@QEAA@PEBUst_mysql_lex_string@@@Z 0000000140002c70 f   commands.obj
 0001:00001ca0       ??1Abstract_instance_cmd@@UEAA@XZ 0000000140002ca0 f i commands.obj
 0001:00001cb0       ?execute@Abstract_instance_cmd@@UEAAHPEAUst_net@@K@Z 0000000140002cb0 f   commands.obj
 0001:00001d90       ??0Show_instance_status@@QEAA@PEBUst_mysql_lex_string@@@Z 0000000140002d90 f   commands.obj
 0001:00001dc0       ??1Show_instance_status@@UEAA@XZ 0000000140002dc0 f i commands.obj
 0001:00001dd0       ?send_ok_response@Show_instance_status@@MEAAHPEAUst_net@@K@Z 0000000140002dd0 f   commands.obj
 0001:00001e20       ?write_header@Show_instance_status@@AEAAHPEAUst_net@@@Z 0000000140002e20 f   commands.obj
 0001:00001f70       ?write_data@Show_instance_status@@AEAAHPEAUst_net@@PEAVInstance@@@Z 0000000140002f70 f   commands.obj
 0001:00002160       ??0Show_instance_options@@QEAA@PEBUst_mysql_lex_string@@@Z 0000000140003160 f   commands.obj
 0001:00002190       ??1Show_instance_options@@UEAA@XZ 0000000140003190 f i commands.obj
 0001:000021a0       ?send_ok_response@Show_instance_options@@MEAAHPEAUst_net@@K@Z 00000001400031a0 f   commands.obj
 0001:000021f0       ?write_header@Show_instance_options@@AEAAHPEAUst_net@@@Z 00000001400031f0 f   commands.obj
 0001:00002280       ?write_data@Show_instance_options@@AEAAHPEAUst_net@@PEAVInstance@@@Z 0000000140003280 f   commands.obj
 0001:000024b0       ??0Start_instance@@QEAA@PEBUst_mysql_lex_string@@@Z 00000001400034b0 f   commands.obj
 0001:000024e0       ??1Start_instance@@UEAA@XZ 00000001400034e0 f i commands.obj
 0001:000024f0       ?execute_impl@Start_instance@@MEAAHPEAUst_net@@PEAVInstance@@@Z 00000001400034f0 f   commands.obj
 0001:00002570       ?send_ok_response@Start_instance@@MEAAHPEAUst_net@@K@Z 0000000140003570 f   commands.obj
 0001:000025a0       ??0Stop_instance@@QEAA@PEBUst_mysql_lex_string@@@Z 00000001400035a0 f   commands.obj
 0001:000025d0       ??1Stop_instance@@UEAA@XZ  00000001400035d0 f i commands.obj
 0001:000025e0       ?execute_impl@Stop_instance@@MEAAHPEAUst_net@@PEAVInstance@@@Z 00000001400035e0 f   commands.obj
 0001:00002640       ?send_ok_response@Stop_instance@@MEAAHPEAUst_net@@K@Z 0000000140003640 f   commands.obj
 0001:00002670       ??0Create_instance@@QEAA@PEBUst_mysql_lex_string@@@Z 0000000140003670 f   commands.obj
 0001:000026b0       ??1Create_instance@@UEAA@XZ 00000001400036b0 f i commands.obj
 0001:000026e0       ?parse_args@Create_instance@@AEAA_NPEAPEBD@Z 00000001400036e0 f   commands.obj
 0001:00002a50       ?execute@Create_instance@@MEAAHPEAUst_net@@K@Z 0000000140003a50 f   commands.obj
 0001:00002bc0       ??0Drop_instance@@QEAA@PEBUst_mysql_lex_string@@@Z 0000000140003bc0 f   commands.obj
 0001:00002bf0       ??1Drop_instance@@UEAA@XZ  0000000140003bf0 f i commands.obj
 0001:00002c00       ?execute@Drop_instance@@MEAAHPEAUst_net@@K@Z 0000000140003c00 f   commands.obj
 0001:00002d80       ??0Show_instance_log@@QEAA@PEBUst_mysql_lex_string@@W4Log_type@@II@Z 0000000140003d80 f   commands.obj
 0001:00002df0       ??1Show_instance_log@@UEAA@XZ 0000000140003df0 f i commands.obj
 0001:00002e00       ?send_ok_response@Show_instance_log@@MEAAHPEAUst_net@@K@Z 0000000140003e00 f   commands.obj
 0001:00002e50       ?check_params@Show_instance_log@@AEAAHPEAVInstance@@@Z 0000000140003e50 f   commands.obj
 0001:00002ea0       ?write_header@Show_instance_log@@AEAAHPEAUst_net@@@Z 0000000140003ea0 f   commands.obj
 0001:00002f10       ?write_data@Show_instance_log@@AEAAHPEAUst_net@@PEAVInstance@@@Z 0000000140003f10 f   commands.obj
 0001:00003170       ??0Show_instance_log_files@@QEAA@PEBUst_mysql_lex_string@@@Z 0000000140004170 f   commands.obj
 0001:000031a0       ??1Show_instance_log_files@@UEAA@XZ 00000001400041a0 f i commands.obj
 0001:000031b0       ?send_ok_response@Show_instance_log_files@@MEAAHPEAUst_net@@K@Z 00000001400041b0 f   commands.obj
 0001:00003200       ?write_header@Show_instance_log_files@@AEAAHPEAUst_net@@@Z 0000000140004200 f   commands.obj
 0001:000032d0       ?write_data@Show_instance_log_files@@AEAAHPEAUst_net@@PEAVInstance@@@Z 00000001400042d0 f   commands.obj
 0001:00003530       ?get_instance_name@Instance_options_list@@QEBAPEBUst_mysql_lex_string@@XZ 0000000140004530 f i commands.obj
 0001:00003540       ??0Instance_options_list@@QEAA@PEBUst_mysql_lex_string@@@Z 0000000140004540 f   commands.obj
 0001:00003590       ?init@Instance_options_list@@QEAA_NXZ 0000000140004590 f   commands.obj
 0001:000035b0       ??1Instance_options_list@@QEAA@XZ 00000001400045b0 f i commands.obj
 0001:000035c0       ??0Abstract_option_cmd@@IEAA@XZ 00000001400045c0 f   commands.obj
 0001:000035f0       ??1Abstract_option_cmd@@UEAA@XZ 00000001400045f0 f   commands.obj
 0001:00003630       ?correct_file@Abstract_option_cmd@@IEAAHPEAVInstance@@PEAVNamed_value@@_N@Z 0000000140004630 f   commands.obj
 0001:000036b0       ?execute_impl@Abstract_option_cmd@@AEAAHPEAUst_net@@K@Z 00000001400046b0 f   commands.obj
 0001:00003850       ?process_option@Set_option@@MEAAHPEAVInstance@@PEAVNamed_value@@@Z 0000000140004850 f   commands.obj
 0001:00003910       ?process_option@Unset_option@@MEAAHPEAVInstance@@PEAVNamed_value@@@Z 0000000140004910 f   commands.obj
 0001:00003960       ?execute@Syntax_error@@UEAAHPEAUst_net@@K@Z 0000000140004960 f   commands.obj
 0001:00003970       ?execute@Show_instances@@UEAAHPEAUst_net@@K@Z 0000000140004970 f   commands.obj
 0001:000039f0       ??_EInstance_cmd@@UEAAPEAXI@Z 00000001400049f0 f i commands.obj
 0001:000039f0       ??_GInstance_cmd@@UEAAPEAXI@Z 00000001400049f0 f i commands.obj
 0001:00003a30       ??_GAbstract_instance_cmd@@UEAAPEAXI@Z 0000000140004a30 f i commands.obj
 0001:00003a30       ??_EAbstract_instance_cmd@@UEAAPEAXI@Z 0000000140004a30 f i commands.obj
 0001:00003a70       ??_EShow_instance_status@@UEAAPEAXI@Z 0000000140004a70 f i commands.obj
 0001:00003a70       ??_GShow_instance_status@@UEAAPEAXI@Z 0000000140004a70 f i commands.obj
 0001:00003ab0       ?execute_impl@Show_instance_status@@MEAAHPEAUst_net@@PEAVInstance@@@Z 0000000140004ab0 f   commands.obj
 0001:00003b10       ??_GShow_instance_options@@UEAAPEAXI@Z 0000000140004b10 f i commands.obj
 0001:00003b10       ??_EShow_instance_options@@UEAAPEAXI@Z 0000000140004b10 f i commands.obj
 0001:00003b50       ?execute_impl@Show_instance_options@@MEAAHPEAUst_net@@PEAVInstance@@@Z 0000000140004b50 f   commands.obj
 0001:00003bb0       ??_EStart_instance@@UEAAPEAXI@Z 0000000140004bb0 f i commands.obj
 0001:00003bb0       ??_GStart_instance@@UEAAPEAXI@Z 0000000140004bb0 f i commands.obj
 0001:00003bf0       ??_GStop_instance@@UEAAPEAXI@Z 0000000140004bf0 f i commands.obj
 0001:00003bf0       ??_EStop_instance@@UEAAPEAXI@Z 0000000140004bf0 f i commands.obj
 0001:00003c30       ??_ECreate_instance@@UEAAPEAXI@Z 0000000140004c30 f i commands.obj
 0001:00003c30       ??_GCreate_instance@@UEAAPEAXI@Z 0000000140004c30 f i commands.obj
 0001:00003c80       ?init@Create_instance@@QEAA_NPEAPEBD@Z 0000000140004c80 f   commands.obj
 0001:00003ce0       ??_GDrop_instance@@UEAAPEAXI@Z 0000000140004ce0 f i commands.obj
 0001:00003ce0       ??_EDrop_instance@@UEAAPEAXI@Z 0000000140004ce0 f i commands.obj
 0001:00003d20       ??_EShow_instance_log@@UEAAPEAXI@Z 0000000140004d20 f i commands.obj
 0001:00003d20       ??_GShow_instance_log@@UEAAPEAXI@Z 0000000140004d20 f i commands.obj
 0001:00003d60       ?execute_impl@Show_instance_log@@MEAAHPEAUst_net@@PEAVInstance@@@Z 0000000140004d60 f   commands.obj
 0001:00003dd0       ??_GShow_instance_log_files@@UEAAPEAXI@Z 0000000140004dd0 f i commands.obj
 0001:00003dd0       ??_EShow_instance_log_files@@UEAAPEAXI@Z 0000000140004dd0 f i commands.obj
 0001:00003e10       ?execute_impl@Show_instance_log_files@@MEAAHPEAUst_net@@PEAVInstance@@@Z 0000000140004e10 f   commands.obj
 0001:00003e70       ??_GInstance_options_list@@QEAAPEAXI@Z 0000000140004e70 f i commands.obj
 0001:00003eb0       ??_EAbstract_option_cmd@@UEAAPEAXI@Z 0000000140004eb0 f i commands.obj
 0001:00003eb0       ??_GAbstract_option_cmd@@UEAAPEAXI@Z 0000000140004eb0 f i commands.obj
 0001:00003ef0       ?execute@Abstract_option_cmd@@UEAAHPEAUst_net@@K@Z 0000000140004ef0 f   commands.obj
 0001:00003f50       ?get_instance_options_list@Abstract_option_cmd@@AEAAPEAVInstance_options_list@@PEBUst_mysql_lex_string@@@Z 0000000140004f50 f   commands.obj
 0001:00004050       ?add_option@Abstract_option_cmd@@QEAA_NPEBUst_mysql_lex_string@@PEAVNamed_value@@@Z 0000000140005050 f   commands.obj
 0001:00004090       ?init@Abstract_option_cmd@@QEAA_NPEAPEBD@Z 0000000140005090 f   commands.obj
 0001:00004130       ?parse_args@Set_option@@MEAA_NPEAPEBD@Z 0000000140005130 f   commands.obj
 0001:00004550       ?parse_args@Unset_option@@MEAA_NPEAPEBD@Z 0000000140005550 f   commands.obj
 0001:00004840       ??0Thread_info@@QEAA@XZ    0000000140005840 f i guardian.obj
 0001:00004850       ??0Thread@@QEAA@XZ         0000000140005850 f i guardian.obj
 0001:00004870       ??_GThread@@MEAAPEAXI@Z    0000000140005870 f i guardian.obj
 0001:00004870       ??_EThread@@MEAAPEAXI@Z    0000000140005870 f i guardian.obj
 0001:000048b0       ?is_guarded@Instance@@QEBA_NXZ 00000001400058b0 f i guardian.obj
 0001:000048c0       ?get_state@Instance@@QEBA?AW4enum_instance_state@1@XZ 00000001400058c0 f i guardian.obj
 0001:000048d0       ?is_crashed@Instance@@QEAA_NXZ 00000001400058d0 f i guardian.obj
 0001:000048e0       ??0Guardian@@QEAA@PEAVThread_registry@@PEAVInstance_map@@@Z 00000001400058e0 f   guardian.obj
 0001:00004940       ?process_instance@Guardian@@AEAAXPEAVInstance@@@Z 0000000140005940 f   guardian.obj
 0001:00004cb0       ?ping@Guardian@@QEAAXXZ    0000000140005cb0 f   guardian.obj
 0001:00004cc0       ?init@Guardian@@QEAAXXZ    0000000140005cc0 f   guardian.obj
 0001:00004d50       ?stop_instances@Guardian@@AEAAXXZ 0000000140005d50 f   guardian.obj
 0001:00004eb0       ?lock@Guardian@@QEAAXXZ    0000000140005eb0 f   guardian.obj
 0001:00004ec0       ?unlock@Guardian@@QEAAXXZ  0000000140005ec0 f   guardian.obj
 0001:00004ed0       ??1Guardian@@UEAA@XZ       0000000140005ed0 f   guardian.obj
 0001:00004f20       ?request_shutdown@Guardian@@QEAAXXZ 0000000140005f20 f   guardian.obj
 0001:00004f60       ?run@Guardian@@MEAAXXZ     0000000140005f60 f   guardian.obj
 0001:00005190       ?is_stopped@Guardian@@QEAA_NXZ 0000000140006190 f   guardian.obj
 0001:000051d0       ??_EGuardian@@UEAAPEAXI@Z  00000001400061d0 f i guardian.obj
 0001:000051d0       ??_GGuardian@@UEAAPEAXI@Z  00000001400061d0 f i guardian.obj
 0001:00005220       ?get_thread_registry@Manager@@SAPEAVThread_registry@@XZ 0000000140006220 f i instance.obj
 0001:00005490       ?SafeTerminateProcess@@YAHPEAXI@Z 0000000140006490 f   instance.obj
 0001:00005630       ?kill@@YAHHH@Z             0000000140006630 f   instance.obj
 0001:00005680       ??0Instance_monitor@@QEAA@PEAVInstance@@@Z 0000000140006680 f i instance.obj
 0001:000056a0       ??1Instance_monitor@@UEAA@XZ 00000001400066a0 f i instance.obj
 0001:000056b0       ?is_name_valid@Instance@@SA_NPEBUst_mysql_lex_string@@@Z 00000001400066b0 f   instance.obj
 0001:00005720       ?is_mysqld_compatible_name@Instance@@SA_NPEBUst_mysql_lex_string@@@Z 0000000140006720 f   instance.obj
 0001:00005760       ?get_instance_state_name@Instance@@CAPEBDW4enum_instance_state@1@@Z 0000000140006760 f   instance.obj
 0001:00005800       ??0Instance@@QEAA@XZ       0000000140006800 f   instance.obj
 0001:00005870       ??1Instance@@QEAA@XZ       0000000140006870 f   instance.obj
 0001:000058c0       ?init@Instance@@QEAA_NPEBUst_mysql_lex_string@@@Z 00000001400068c0 f   instance.obj
 0001:000058f0       ?complete_initialization@Instance@@QEAA_NXZ 00000001400068f0 f   instance.obj
 0001:00005920       ?is_mysqld_running@Instance@@QEAA_NXZ 0000000140006920 f   instance.obj
 0001:00005a70       ?kill_mysqld@Instance@@QEAA_NH@Z 0000000140006a70 f   instance.obj
 0001:00005b60       ?lock@Instance@@QEAAXXZ    0000000140006b60 f   instance.obj
 0001:00005b80       ?unlock@Instance@@QEAAXXZ  0000000140006b80 f   instance.obj
 0001:00005ba0       ?reset_stat@Instance@@QEAAXXZ 0000000140006ba0 f   instance.obj
 0001:00005bc0       ?remove_pid@Instance@@AEAAXXZ 0000000140006bc0 f   instance.obj
 0001:00005c10       ?wait_for_stop@Instance@@AEAA_NXZ 0000000140006c10 f   instance.obj
 0001:00005ce0       ??_GInstance_monitor@@UEAAPEAXI@Z 0000000140006ce0 f i instance.obj
 0001:00005ce0       ??_EInstance_monitor@@UEAAPEAXI@Z 0000000140006ce0 f i instance.obj
 0001:00005d20       ?start_and_monitor_instance@Instance_monitor@@IEAAXXZ 0000000140006d20 f   instance.obj
 0001:00005ed0       ?is_active@Instance@@QEAA_NXZ 0000000140006ed0 f   instance.obj
 0001:00005f00       ?start_mysqld@Instance@@QEAA_NXZ 0000000140006f00 f   instance.obj
 0001:00005fd0       ?stop_mysqld@Instance@@QEAA_NXZ 0000000140006fd0 f   instance.obj
 0001:000060f0       ?get_state_name@Instance@@QEAAPEBDXZ 00000001400070f0 f   instance.obj
 0001:00006160       ?run@Instance_monitor@@MEAAXXZ 0000000140007160 f   instance.obj
 0001:000061b0       ??_GInstance@@QEAAPEAXI@Z  00000001400071b0 f i instance_map.obj
 0001:000062a0       ??0Instance_map@@QEAA@XZ   00000001400072a0 f   instance_map.obj
 0001:000062c0       ?lock@Instance_map@@QEAAXXZ 00000001400072c0 f   instance_map.obj
 0001:000062d0       ?unlock@Instance_map@@QEAAXXZ 00000001400072d0 f   instance_map.obj
 0001:000062e0       ?add_instance@Instance_map@@QEAAHPEAVInstance@@@Z 00000001400072e0 f   instance_map.obj
 0001:00006300       ?remove_instance@Instance_map@@QEAAHPEAVInstance@@@Z 0000000140007300 f   instance_map.obj
 0001:00006320       ?create_instance@Instance_map@@QEAAHPEBUst_mysql_lex_string@@PEBVNamed_value_arr@@@Z 0000000140007320 f   instance_map.obj
 0001:00006560       ?find@Instance_map@@QEAAPEAVInstance@@PEBUst_mysql_lex_string@@@Z 0000000140007560 f   instance_map.obj
 0001:00006580       ?go_to_first@Iterator@Instance_map@@QEAAXXZ 0000000140007580 f   instance_map.obj
 0001:00006590       ?next@Iterator@Instance_map@@QEAAPEAVInstance@@XZ 0000000140007590 f   instance_map.obj
 0001:000065c0       ?create_instance_in_file@@YAHPEBUst_mysql_lex_string@@PEBVNamed_value_arr@@@Z 00000001400075c0 f   instance_map.obj
 0001:00006920       ?process_one_option@Instance_map@@QEAAHPEBUst_mysql_lex_string@@PEBD@Z 0000000140007920 f   instance_map.obj
 0001:00006b00       ?init@Instance_map@@QEAA_NXZ 0000000140007b00 f   instance_map.obj
 0001:00006b60       ?reset@Instance_map@@QEAA_NXZ 0000000140007b60 f   instance_map.obj
 0001:00006b90       ??1Instance_map@@QEAA@XZ   0000000140007b90 f   instance_map.obj
 0001:00006c50       ?is_there_active_instance@Instance_map@@QEAA_NXZ 0000000140007c50 f   instance_map.obj
 0001:00006cf0       ?complete_initialization@Instance_map@@AEAA_NXZ 0000000140007cf0 f   instance_map.obj
 0001:00006e80       ?load@Instance_map@@QEAAHXZ 0000000140007e80 f   instance_map.obj
 0001:00006fc0       ?strstr@@YAPEADPEADPEBD@Z  0000000140007fc0 f i instance_options.obj
 0001:00006fd0       ?alloc_str@Named_value@@SAPEADPEBD@Z 0000000140007fd0 f i instance_options.obj
 0001:00006fe0       ?remove_element@Named_value_arr@@QEAAXH@Z 0000000140007fe0 f i instance_options.obj
 0001:00007060       ?replace_element@Named_value_arr@@QEAA_NHPEAVNamed_value@@@Z 0000000140008060 f i instance_options.obj
 0001:00007240       ?is_option_im_specific@Instance_options@@SA_NPEBD@Z 0000000140008240 f   instance_options.obj
 0001:000072c0       ??0Instance_options@@QEAA@XZ 00000001400082c0 f   instance_options.obj
 0001:00007370       ?get_default_option@Instance_options@@AEAAHPEAD_KPEBD@Z 0000000140008370 f   instance_options.obj
 0001:00007510       ?fill_instance_version@Instance_options@@AEAA_NXZ 0000000140008510 f   instance_options.obj
 0001:00007760       ?fill_mysqld_real_path@Instance_options@@AEAA_NXZ 0000000140008760 f   instance_options.obj
 0001:000079b0       ?fill_log_options@Instance_options@@AEAA_NXZ 00000001400089b0 f   instance_options.obj
 0001:00007e10       ?get_pid_filename@Instance_options@@QEAAHPEAD@Z 0000000140008e10 f   instance_options.obj
 0001:00007ef0       ?unlink_pidfile@Instance_options@@QEAAHXZ 0000000140008ef0 f   instance_options.obj
 0001:00007f00       ?load_pid@Instance_options@@QEAAHXZ 0000000140008f00 f   instance_options.obj
 0001:00007f80       ?update_var@Instance_options@@AEAAXPEBD0@Z 0000000140008f80 f   instance_options.obj
 0001:00008130       ?find_option@Instance_options@@AEAAHPEBD@Z 0000000140009130 f   instance_options.obj
 0001:00008200       ?add_to_argv@Instance_options@@AEAAHPEBD@Z 0000000140009200 f   instance_options.obj
 0001:00008230       ?print_argv@Instance_options@@QEAAXXZ 0000000140009230 f   instance_options.obj
 0001:000082b0       ?init@Instance_options@@QEAA_NPEBUst_mysql_lex_string@@@Z 00000001400092b0 f   instance_options.obj
 0001:00008360       ??1Instance_options@@QEAA@XZ 0000000140009360 f   instance_options.obj
 0001:000083a0       ?get_shutdown_delay@Instance_options@@QEBAIXZ 00000001400093a0 f   instance_options.obj
 0001:000083c0       ?get_mysqld_port@Instance_options@@QEBAHXZ 00000001400093c0 f   instance_options.obj
 0001:000083e0       ?set_option@Instance_options@@QEAA_NPEAVNamed_value@@@Z 00000001400093e0 f   instance_options.obj
 0001:00008540       ?unset_option@Instance_options@@QEAAXPEBD@Z 0000000140009540 f   instance_options.obj
 0001:00008600       ?complete_initialization@Instance_options@@QEAA_NXZ 0000000140009600 f   instance_options.obj
 0001:00008b00       ?is_shutdown@Thread_registry@@QEAA_NXZ 0000000140009b00 f i listener.obj
 0001:00008b90       ??0Listener@@QEAA@PEAVThread_registry@@PEAVUser_map@@@Z 0000000140009b90 f   listener.obj
 0001:00008bc0       ??1Listener@@UEAA@XZ       0000000140009bc0 f i listener.obj
 0001:00008bd0       ?create_tcp_socket@Listener@@AEAAHXZ 0000000140009bd0 f   listener.obj
 0001:00008e10       ?handle_new_mysql_connection@Listener@@AEAAXPEAUst_vio@@@Z 0000000140009e10 f   listener.obj
 0001:00008ec0       ??_EListener@@UEAAPEAXI@Z  0000000140009ec0 f i listener.obj
 0001:00008ec0       ??_GListener@@UEAAPEAXI@Z  0000000140009ec0 f i listener.obj
 0001:00008f00       ?run@Listener@@MEAAXXZ     0000000140009f00 f   listener.obj
 0001:000094b0       ?log_init@@YAXXZ           000000014000a4b0 f   log.obj
 0001:000094d0       ?log_error@@YAXPEBDZZ      000000014000a4d0 f   log.obj
 0001:00009570       ?log_info@@YAXPEBDZZ       000000014000a570 f   log.obj
 0001:000095d0       ?die@@YAXPEBDZZ            000000014000a5d0 f   log.obj
 0001:00009660       ?onsignal@@YAXH@Z          000000014000a660 f   manager.obj
 0001:00009670       ?set_signals@@YAXPEAH@Z    000000014000a670 f   manager.obj
 0001:000096b0       ?my_sigwait@@YAHPEBHPEAH@Z 000000014000a6b0 f   manager.obj
 0001:000096f0       ??0ThreadModelChecker@?A0x8abefae2@@QEAA@XZ 000000014000a6f0 f i manager.obj
 0001:00009720       ?is_linux_threads@ThreadModelChecker@?A0x8abefae2@@QEBA_NXZ 000000014000a720 f i manager.obj
 0001:00009730       ?run@ThreadModelChecker@?A0x8abefae2@@MEAAXXZ 000000014000a730 f i manager.obj
 0001:00009760       ??1ThreadModelChecker@?A0x8abefae2@@UEAA@XZ 000000014000a760 f i manager.obj
 0001:00009770       ?check_if_linux_threads@?A0x8abefae2@@YA_NPEA_N@Z 000000014000a770 f   manager.obj
 0001:00009800       ?stop_all_threads@Manager@@CAXXZ 000000014000a800 f   manager.obj
 0001:00009840       ?init_user_map@Manager@@CA_NPEAVUser_map@@@Z 000000014000a840 f   manager.obj
 0001:000098e0       ?flush_instances@Manager@@SAHXZ 000000014000a8e0 f   manager.obj
 0001:000099a0       ??_EThreadModelChecker@?A0x8abefae2@@UEAAPEAXI@Z 000000014000a9a0 f i manager.obj
 0001:000099a0       ??_GThreadModelChecker@?A0x8abefae2@@UEAAPEAXI@Z 000000014000a9a0 f i manager.obj
 0001:000099e0       ?main@Manager@@SAHXZ       000000014000a9e0 f   manager.obj
 0001:0000a040       ?message@@YAPEBDI@Z        000000014000b040 f   messages.obj
 0001:0000a050       ?errno_to_sqlstate@@YAPEBDI@Z 000000014000b050 f   messages.obj
 0001:0000a070       ??0Mysql_connection@@QEAA@PEAVThread_registry@@PEAVUser_map@@PEAUst_vio@@K@Z 000000014000b070 f   mysql_connection.obj
 0001:0000a0a0       my_net_local_init          000000014000b0a0 f   mysql_connection.obj
 0001:0000a100       slave_io_thread_detach_vio 000000014000b100 f   mysql_connection.obj
 0001:0000a110       ?init@Mysql_connection@@AEAA_NXZ 000000014000b110 f   mysql_connection.obj
 0001:0000a1f0       ?cleanup@Mysql_connection@@AEAAXXZ 000000014000b1f0 f   mysql_connection.obj
 0001:0000a220       ??1Mysql_connection@@UEAA@XZ 000000014000b220 f   mysql_connection.obj
 0001:0000a260       ?check_connection@Mysql_connection@@AEAAHXZ 000000014000b260 f   mysql_connection.obj
 0001:0000a510       ?dispatch_command@Mysql_connection@@AEAAHW4enum_server_command@@PEBD@Z 000000014000b510 f   mysql_connection.obj
 0001:0000a700       ??_EMysql_connection@@UEAAPEAXI@Z 000000014000b700 f i mysql_connection.obj
 0001:0000a700       ??_GMysql_connection@@UEAAPEAXI@Z 000000014000b700 f i mysql_connection.obj
 0001:0000a740       ?do_command@Mysql_connection@@AEAAHXZ 000000014000b740 f   mysql_connection.obj
 0001:0000a870       ?main@Mysql_connection@@AEAAXXZ 000000014000b870 f   mysql_connection.obj
 0001:0000a960       ?run@Mysql_connection@@MEAAXXZ 000000014000b960 f   mysql_connection.obj
 0001:0000aa20       main                       000000014000ba20 f   mysqlmanager.obj
 0001:0000aad0       ?strchr@@YAPEADPEADH@Z     000000014000bad0 f i options.obj
 0001:0000aae0       ?strrchr@@YAPEADPEADH@Z    000000014000bae0 f i options.obj
 0001:0000aaf0       ??0User_management_cmd@@QEAA@XZ 000000014000baf0 f i options.obj
 0001:0000ab10       ??1User_management_cmd@@UEAA@XZ 000000014000bb10 f i options.obj
 0001:0000ab20       ??_GUser_management_cmd@@UEAAPEAXI@Z 000000014000bb20 f i options.obj
 0001:0000ab20       ??_EUser_management_cmd@@UEAAPEAXI@Z 000000014000bb20 f i options.obj
 0001:0000ab50       ??0Print_password_line_cmd@@QEAA@XZ 000000014000bb50 f i options.obj
 0001:0000ab70       ??1Print_password_line_cmd@@UEAA@XZ 000000014000bb70 f i options.obj
 0001:0000ab80       ??0Add_user_cmd@@QEAA@XZ   000000014000bb80 f i options.obj
 0001:0000aba0       ??1Add_user_cmd@@UEAA@XZ   000000014000bba0 f i options.obj
 0001:0000abb0       ??0Drop_user_cmd@@QEAA@XZ  000000014000bbb0 f i options.obj
 0001:0000abd0       ??1Drop_user_cmd@@UEAA@XZ  000000014000bbd0 f i options.obj
 0001:0000abe0       ??0Edit_user_cmd@@QEAA@XZ  000000014000bbe0 f i options.obj
 0001:0000ac00       ??1Edit_user_cmd@@UEAA@XZ  000000014000bc00 f i options.obj
 0001:0000ac10       ??0Clean_db_cmd@@QEAA@XZ   000000014000bc10 f i options.obj
 0001:0000ac30       ??1Clean_db_cmd@@UEAA@XZ   000000014000bc30 f i options.obj
 0001:0000ac40       ??0Check_db_cmd@@QEAA@XZ   000000014000bc40 f i options.obj
 0001:0000ac60       ??1Check_db_cmd@@UEAA@XZ   000000014000bc60 f i options.obj
 0001:0000ac70       ??0List_users_cmd@@QEAA@XZ 000000014000bc70 f i options.obj
 0001:0000ac90       ??1List_users_cmd@@UEAA@XZ 000000014000bc90 f i options.obj
 0001:0000afd0       ?cleanup@Options@@SAXXZ    000000014000bfd0 f   options.obj
 0001:0000b1f0       ??_GPrint_password_line_cmd@@UEAAPEAXI@Z 000000014000c1f0 f i options.obj
 0001:0000b1f0       ??_EPrint_password_line_cmd@@UEAAPEAXI@Z 000000014000c1f0 f i options.obj
 0001:0000b220       ??_GAdd_user_cmd@@UEAAPEAXI@Z 000000014000c220 f i options.obj
 0001:0000b220       ??_EAdd_user_cmd@@UEAAPEAXI@Z 000000014000c220 f i options.obj
 0001:0000b250       ??_GDrop_user_cmd@@UEAAPEAXI@Z 000000014000c250 f i options.obj
 0001:0000b250       ??_EDrop_user_cmd@@UEAAPEAXI@Z 000000014000c250 f i options.obj
 0001:0000b280       ??_EEdit_user_cmd@@UEAAPEAXI@Z 000000014000c280 f i options.obj
 0001:0000b280       ??_GEdit_user_cmd@@UEAAPEAXI@Z 000000014000c280 f i options.obj
 0001:0000b2b0       ??_EClean_db_cmd@@UEAAPEAXI@Z 000000014000c2b0 f i options.obj
 0001:0000b2b0       ??_GClean_db_cmd@@UEAAPEAXI@Z 000000014000c2b0 f i options.obj
 0001:0000b2e0       ??_ECheck_db_cmd@@UEAAPEAXI@Z 000000014000c2e0 f i options.obj
 0001:0000b2e0       ??_GCheck_db_cmd@@UEAAPEAXI@Z 000000014000c2e0 f i options.obj
 0001:0000b310       ??_EList_users_cmd@@UEAAPEAXI@Z 000000014000c310 f i options.obj
 0001:0000b310       ??_GList_users_cmd@@UEAAPEAXI@Z 000000014000c310 f i options.obj
 0001:0000b340       ?load@Options@@SAHHPEAPEAD@Z 000000014000c340 f   options.obj
 0001:0000b510       ??0Show_instances@@QEAA@XZ 000000014000c510 f i parse.obj
 0001:0000b540       ??1Show_instances@@UEAA@XZ 000000014000c540 f i parse.obj
 0001:0000b550       ??0Flush_instances@@QEAA@XZ 000000014000c550 f i parse.obj
 0001:0000b580       ??1Flush_instances@@UEAA@XZ 000000014000c580 f i parse.obj
 0001:0000b590       ??0Set_option@@QEAA@XZ     000000014000c590 f i parse.obj
 0001:0000b5c0       ??1Set_option@@UEAA@XZ     000000014000c5c0 f i parse.obj
 0001:0000b5d0       ??0Unset_option@@QEAA@XZ   000000014000c5d0 f i parse.obj
 0001:0000b600       ??1Unset_option@@UEAA@XZ   000000014000c600 f i parse.obj
 0001:0000b610       ??0Syntax_error@@QEAA@XZ   000000014000c610 f i parse.obj
 0001:0000b640       ??1Syntax_error@@UEAA@XZ   000000014000c640 f i parse.obj
 0001:0000b650       ??0Named_value_arr@@QEAA@XZ 000000014000c650 f   parse.obj
 0001:0000b660       ?init@Named_value_arr@@QEAA_NXZ 000000014000c660 f   parse.obj
 0001:0000b6b0       ??1Named_value_arr@@QEAA@XZ 000000014000c6b0 f   parse.obj
 0001:0000b760       ?find_token@@YA?AW4Token@@PEBD_K@Z 000000014000c760 f i parse.obj
 0001:0000b810       ?get_token@@YA?AW4Token@@PEAPEBDPEA_K@Z 000000014000c810 f   parse.obj
 0001:0000b950       ?shift_token@@YA?AW4Token@@PEAPEBDPEA_K@Z 000000014000c950 f   parse.obj
 0001:0000b980       ?get_text_id@@YAHPEAPEBDPEAUst_mysql_lex_string@@@Z 000000014000c980 f   parse.obj
 0001:0000ba70       ?parse_option_value@@YA_NPEBDPEA_KPEAPEAD@Z 000000014000ca70 f   parse.obj
 0001:0000bc60       ?skip_spaces@@YAXPEAPEBD@Z 000000014000cc60 f   parse.obj
 0001:0000bcb0       ?parse_command@@YAPEAVCommand@@PEBD@Z 000000014000ccb0 f   parse.obj
 0001:0000c800       ??_GShow_instances@@UEAAPEAXI@Z 000000014000d800 f i parse.obj
 0001:0000c800       ??_EShow_instances@@UEAAPEAXI@Z 000000014000d800 f i parse.obj
 0001:0000c840       ??_EFlush_instances@@UEAAPEAXI@Z 000000014000d840 f i parse.obj
 0001:0000c840       ??_GFlush_instances@@UEAAPEAXI@Z 000000014000d840 f i parse.obj
 0001:0000c880       ??_ESet_option@@UEAAPEAXI@Z 000000014000d880 f i parse.obj
 0001:0000c880       ??_GSet_option@@UEAAPEAXI@Z 000000014000d880 f i parse.obj
 0001:0000c8c0       ??_GUnset_option@@UEAAPEAXI@Z 000000014000d8c0 f i parse.obj
 0001:0000c8c0       ??_EUnset_option@@UEAAPEAXI@Z 000000014000d8c0 f i parse.obj
 0001:0000c900       ??_ESyntax_error@@UEAAPEAXI@Z 000000014000d900 f i parse.obj
 0001:0000c900       ??_GSyntax_error@@UEAAPEAXI@Z 000000014000d900 f i parse.obj
 0001:0000c940       ?trim_space@?A0xf5e2aa48@@YAXPEAPEBDPEAI@Z 000000014000d940 f   parse_output.obj
 0001:0000c9d0       ??0Mysqld_output_parser@?A0xf5e2aa48@@QEAA@XZ 000000014000d9d0 f i parse_output.obj
 0001:0000c9f0       ??1Mysqld_output_parser@?A0xf5e2aa48@@UEAA@XZ 000000014000d9f0 f i parse_output.obj
 0001:0000ca00       ??_GMysqld_output_parser@?A0xf5e2aa48@@UEAAPEAXI@Z 000000014000da00 f i parse_output.obj
 0001:0000ca00       ??_EMysqld_output_parser@?A0xf5e2aa48@@UEAAPEAXI@Z 000000014000da00 f i parse_output.obj
 0001:0000ca30       ?parse@Mysqld_output_parser@?A0xf5e2aa48@@QEAA_NPEBD0IPEAD_KW4enum_option_type@@@Z 000000014000da30 f   parse_output.obj
 0001:0000cbb0       ??0Mysqld_output_parser_win@?A0xf5e2aa48@@QEAA@XZ 000000014000dbb0 f i parse_output.obj
 0001:0000cbd0       ??1Mysqld_output_parser_win@?A0xf5e2aa48@@UEAA@XZ 000000014000dbd0 f i parse_output.obj
 0001:0000cbe0       ?run_command@Mysqld_output_parser_win@?A0xf5e2aa48@@MEAA_NPEBD@Z 000000014000dbe0 f   parse_output.obj
 0001:0000cd50       ?read_line@Mysqld_output_parser_win@?A0xf5e2aa48@@MEAA_NPEADI@Z 000000014000dd50 f   parse_output.obj
 0001:0000ce30       ?cleanup@Mysqld_output_parser_win@?A0xf5e2aa48@@MEAA_NXZ 000000014000de30 f   parse_output.obj
 0001:0000ce60       ?parse_output_and_get_value@@YA_NPEBD0IPEAD_KW4enum_option_type@@@Z 000000014000de60 f   parse_output.obj
 0001:0000ced0       ??_EMysqld_output_parser_win@?A0xf5e2aa48@@UEAAPEAXI@Z 000000014000ded0 f i parse_output.obj
 0001:0000ced0       ??_GMysqld_output_parser_win@?A0xf5e2aa48@@UEAAPEAXI@Z 000000014000ded0 f i parse_output.obj
 0001:0000cf00       ?create_pid_file@@YA_NPEBDH@Z 000000014000df00 f   priv.obj
 0001:0000d010       ?net_send_error@@YAHPEAUst_net@@I@Z 000000014000e010 f   protocol.obj
 0001:0000d110       ?net_send_error_323@@YAHPEAUst_net@@I@Z 000000014000e110 f   protocol.obj
 0001:0000d1e0       ?net_store_length@@YAPEADPEADI@Z 000000014000e1e0 f   protocol.obj
 0001:0000d210       ?store_to_protocol_packet@@YAHPEAVBuffer@@PEBDPEA_K_K@Z 000000014000e210 f   protocol.obj
 0001:0000d2c0       ?store_to_protocol_packet@@YAHPEAVBuffer@@PEBDPEA_K@Z 000000014000e2c0 f   protocol.obj
 0001:0000d300       ?send_eof@@YAHPEAUst_net@@@Z 000000014000e300 f   protocol.obj
 0001:0000d360       ?send_fields@@YAHPEAUst_net@@PEAUst_list@@@Z 000000014000e360 f   protocol.obj
 0001:0000d5d0       ?net_send_ok@@YAHPEAUst_net@@KPEBD@Z 000000014000e5d0 f   protocol.obj
 0001:0000d740       ?init@Thread_info@@AEAAX_N@Z 000000014000e740 f   thread_registry.obj
 0001:0000d780       ??0Thread_registry@@QEAA@XZ 000000014000e780 f   thread_registry.obj
 0001:0000d7e0       ??1Thread_registry@@QEAA@XZ 000000014000e7e0 f   thread_registry.obj
 0001:0000d880       ?register_thread@Thread_registry@@QEAAXPEAVThread_info@@_N@Z 000000014000e880 f   thread_registry.obj
 0001:0000d900       ?unregister_thread@Thread_registry@@QEAAXPEAVThread_info@@@Z 000000014000e900 f   thread_registry.obj
 0001:0000d980       ?cond_wait@Thread_registry@@QEAAHPEAVThread_info@@PEAUpthread_cond_t@@PEAU_RTL_CRITICAL_SECTION@@@Z 000000014000e980 f   thread_registry.obj
 0001:0000da40       ?cond_timedwait@Thread_registry@@QEAAHPEAVThread_info@@PEAUpthread_cond_t@@PEAU_RTL_CRITICAL_SECTION@@PEAUtimespec@@@Z 000000014000ea40 f   thread_registry.obj
 0001:0000db10       ?request_shutdown@Thread_registry@@QEAAXXZ 000000014000eb10 f   thread_registry.obj
 0001:0000db30       ?interrupt_threads@Thread_registry@@AEAAXXZ 000000014000eb30 f   thread_registry.obj
 0001:0000dbb0       ?wait_for_threads_to_unregister@Thread_registry@@AEAAXXZ 000000014000ebb0 f   thread_registry.obj
 0001:0000dc50       ??1Thread@@MEAA@XZ         000000014000ec50 f   thread_registry.obj
 0001:0000dc60       ?thread_func@Thread@@CAPEAXPEAX@Z 000000014000ec60 f   thread_registry.obj
 0001:0000dc90       ?start@Thread@@QEAA_NW4enum_thread_type@1@@Z 000000014000ec90 f   thread_registry.obj
 0001:0000dd10       ?join@Thread@@QEAA_NXZ     000000014000ed10 f   thread_registry.obj
 0001:0000dd40       ?get_error_status@Thread_registry@@QEAAHXZ 000000014000ed40 f   thread_registry.obj
 0001:0000dd90       ?set_error_status@Thread_registry@@QEAAXXZ 000000014000ed90 f   thread_registry.obj
 0001:0000ddd0       ?deliver_shutdown@Thread_registry@@QEAAXXZ 000000014000edd0 f   thread_registry.obj
 0001:0000de40       ??0User@@QEAA@XZ           000000014000ee40 f i user_map.obj
 0001:0000de50       ?set_password@User@@QEAAXPEBD@Z 000000014000ee50 f i user_map.obj
 0001:0000de60       ??0Iterator@User_map@@QEAA@PEAV1@@Z 000000014000ee60 f i user_map.obj
 0001:0000de80       ??0User@@QEAA@PEBUst_mysql_lex_string@@PEBD@Z 000000014000ee80 f   user_map.obj
 0001:0000ded0       ?init@User@@QEAAHPEBD@Z    000000014000eed0 f   user_map.obj
 0001:0000e0c0       ?reset@Iterator@User_map@@QEAAXXZ 000000014000f0c0 f   user_map.obj
 0001:0000e0d0       ?next@Iterator@User_map@@QEAAPEAUUser@@XZ 000000014000f0d0 f   user_map.obj
 0001:0000e100       ?init@User_map@@QEAAHXZ    000000014000f100 f   user_map.obj
 0001:0000e180       ??0User_map@@QEAA@XZ       000000014000f180 f   user_map.obj
 0001:0000e190       ??1User_map@@QEAA@XZ       000000014000f190 f   user_map.obj
 0001:0000e1b0       ?load@User_map@@QEAAHPEBDPEAPEBD@Z 000000014000f1b0 f   user_map.obj
 0001:0000e4c0       ?save@User_map@@QEAAHPEBDPEAPEBD@Z 000000014000f4c0 f   user_map.obj
 0001:0000e630       ?find_user@User_map@@QEAAPEAUUser@@PEBUst_mysql_lex_string@@@Z 000000014000f630 f   user_map.obj
 0001:0000e640       ?find_user@User_map@@QEBAPEBUUser@@PEBUst_mysql_lex_string@@@Z 000000014000f640 f   user_map.obj
 0001:0000e650       ?add_user@User_map@@QEAA_NPEAUUser@@@Z 000000014000f650 f   user_map.obj
 0001:0000e670       ?remove_user@User_map@@QEAA_NPEAUUser@@@Z 000000014000f670 f   user_map.obj
 0001:0000e690       ?authenticate@User_map@@QEBAHPEBUst_mysql_lex_string@@PEBD1@Z 000000014000f690 f   user_map.obj
 0001:0000e6f0       ??0IMService@@AEAA@XZ      000000014000f6f0 f   IMService.obj
 0001:0000e730       ?Shutdown@WindowsService@@MEAAXXZ 000000014000f730 f i IMService.obj
 0001:0000e740       ?Pause@WindowsService@@MEAAXXZ 000000014000f740 f i IMService.obj
 0001:0000e750       ?Continue@WindowsService@@MEAAXXZ 000000014000f750 f i IMService.obj
 0001:0000e760       ??1IMService@@AEAA@XZ      000000014000f760 f   IMService.obj
 0001:0000e780       ?Stop@IMService@@MEAAXXZ   000000014000f780 f   IMService.obj
 0001:0000e7b0       ?Run@IMService@@MEAAXKPEAPEAD@Z 000000014000f7b0 f   IMService.obj
 0001:0000e830       ?Log@IMService@@MEAAXPEBD@Z 000000014000f830 f   IMService.obj
 0001:0000e840       ?main@IMService@@SAHXZ     000000014000f840 f   IMService.obj
 0001:0000e9e0       ??0WindowsService@@QEAA@PEBD0@Z 000000014000f9e0 f   WindowsService.obj
 0001:0000ea30       ?Stop@WindowsService@@MEAAXXZ 000000014000fa30 f i WindowsService.obj
 0001:0000ea40       ?Log@WindowsService@@MEAAXPEBD@Z 000000014000fa40 f i WindowsService.obj
 0001:0000ea50       ??1WindowsService@@QEAA@XZ 000000014000fa50 f   WindowsService.obj
 0001:0000ea60       ?IsInstalled@WindowsService@@QEAAHXZ 000000014000fa60 f   WindowsService.obj
 0001:0000ead0       ?SetAcceptedControls@WindowsService@@QEAAXK@Z 000000014000fad0 f   WindowsService.obj
 0001:0000eae0       ?ReportStatus@WindowsService@@IEAAHKKK@Z 000000014000fae0 f   WindowsService.obj
 0001:0000ebb0       ?HandleControlCode@WindowsService@@IEAAXK@Z 000000014000fbb0 f   WindowsService.obj
 0001:0000ec40       ?ControlHandler@WindowsService@@SAXK@Z 000000014000fc40 f   WindowsService.obj
 0001:0000ec60       ?Install@WindowsService@@QEAAHPEBD0@Z 000000014000fc60 f   WindowsService.obj
 0001:0000edb0       ?Remove@WindowsService@@QEAAHXZ 000000014000fdb0 f   WindowsService.obj
 0001:0000ee90       ?RegisterAndRun@WindowsService@@IEAAXKPEAPEAD@Z 000000014000fe90 f   WindowsService.obj
 0001:0000ef30       ?ServiceMain@WindowsService@@SAXKPEAPEAD@Z 000000014000ff30 f   WindowsService.obj
 0001:0000ef50       ?Init@WindowsService@@QEAAHXZ 000000014000ff50 f   WindowsService.obj
 0001:0000f2d0       ?execute@Print_password_line_cmd@@UEAAHXZ 00000001400102d0 f   user_management_commands.obj
 0001:0000f3c0       ?execute@Add_user_cmd@@UEAAHXZ 00000001400103c0 f   user_management_commands.obj
 0001:0000f570       ?execute@Drop_user_cmd@@UEAAHXZ 0000000140010570 f   user_management_commands.obj
 0001:0000f680       ?execute@Edit_user_cmd@@UEAAHXZ 0000000140010680 f   user_management_commands.obj
 0001:0000f7c0       ?execute@Clean_db_cmd@@UEAAHXZ 00000001400107c0 f   user_management_commands.obj
 0001:0000f860       ?execute@Check_db_cmd@@UEAAHXZ 0000000140010860 f   user_management_commands.obj
 0001:0000f8b0       ?execute@List_users_cmd@@UEAAHXZ 00000001400108b0 f   user_management_commands.obj
 0001:0000f980       my_net_init                0000000140010980 f   net_serv.obj
 0001:0000fa60       net_end                    0000000140010a60 f   net_serv.obj
 0001:0000fa90       net_realloc                0000000140010a90 f   net_serv.obj
 0001:0000fc00       net_clear                  0000000140010c00 f   net_serv.obj
 0001:0000fc80       net_real_write             0000000140010c80 f   net_serv.obj
 0001:00010190       my_net_read                0000000140011190 f   net_serv.obj
 0001:00010430       my_net_set_read_timeout    0000000140011430 f   net_serv.obj
 0001:00010460       my_net_set_write_timeout   0000000140011460 f   net_serv.obj
 0001:00010490       net_flush                  0000000140011490 f   net_serv.obj
 0001:00010640       my_net_write               0000000140011640 f   net_serv.obj
 0001:000107a0       net_write_command          00000001400117a0 f   net_serv.obj
 0001:00010970       net_field_length           0000000140011970 f   pack.obj
 0001:000109e0       net_field_length_ll        00000001400119e0 f   pack.obj
 0001:00010a60       net_store_length           0000000140011a60 f   pack.obj
 0001:00010ad0       randominit                 0000000140011ad0 f   password.obj
 0001:00010b50       my_rnd                     0000000140011b50 f   password.obj
 0001:00010b90       hash_password              0000000140011b90 f   password.obj
 0001:00010c40       my_make_scrambled_password_323 0000000140011c40 f   password.obj
 0001:00010c80       make_scrambled_password_323 0000000140011c80 f   password.obj
 0001:00010cc0       scramble_323               0000000140011cc0 f   password.obj
 0001:00010e60       check_scramble_323         0000000140011e60 f   password.obj
 0001:00011020       get_salt_from_password_323 0000000140012020 f   password.obj
 0001:000110c0       make_password_from_salt_323 00000001400120c0 f   password.obj
 0001:000110e0       create_random_string       00000001400120e0 f   password.obj
 0001:00011170       octet2hex                  0000000140012170 f   password.obj
 0001:000112c0       my_make_scrambled_password 00000001400122c0 f   password.obj
 0001:000113a0       make_scrambled_password    00000001400123a0 f   password.obj
 0001:000113e0       scramble                   00000001400123e0 f   password.obj
 0001:00011540       check_scramble             0000000140012540 f   password.obj
 0001:00011690       get_salt_from_password     0000000140012690 f   password.obj
 0001:000116b0       make_password_from_salt    00000001400126b0 f   password.obj
 0001:000116d0       mysql_errno_to_sqlstate    00000001400126d0 f   sql_state.obj
 0001:00011730       my_connect                 0000000140012730 f   client.obj
 0001:00011740       set_mysql_error            0000000140012740 f   client.obj
 0001:000117d0       net_clear_error            00000001400127d0 f   client.obj
 0001:00011860       create_named_pipe          0000000140012860 f   client.obj
 0001:00011b00       free_rows                  0000000140012b00 f   client.obj
 0001:00011b40       free_old_query             0000000140012b40 f   client.obj
 0001:00011c10       mysql_free_result          0000000140012c10 f   client.obj
 0001:00011da0       mysql_read_default_options 0000000140012da0 f   client.obj
 0001:00012400       unpack_fields              0000000140013400 f   client.obj
 0001:00012920       mysql_init                 0000000140013920 f   client.obj
 0001:00012a10       mysql_ssl_set              0000000140013a10 f   client.obj
 0001:00012c00       mysql_get_ssl_cipher       0000000140013c00 f   client.obj
 0001:00012d60       mysql_init_character_set   0000000140013d60 f   client.obj
 0001:00013050       mysql_select_db            0000000140014050 f   client.obj
 0001:000133d0       mysql_detach_stmt_list     00000001400143d0 f   client.obj
 0001:000133e0       mysql_send_query           00000001400143e0 f   client.obj
 0001:00013430       mysql_real_query           0000000140014430 f   client.obj
 0001:00013470       mysql_store_result         0000000140014470 f   client.obj
 0001:00013850       mysql_fetch_lengths        0000000140014850 f   client.obj
 0001:000138a0       mysql_options              00000001400148a0 f   client.obj
 0001:00013c50       mysql_num_rows             0000000140014c50 f   client.obj
 0001:00013c60       mysql_num_fields           0000000140014c60 f   client.obj
 0001:00013c70       mysql_errno                0000000140014c70 f   client.obj
 0001:00013c90       mysql_error                0000000140014c90 f   client.obj
 0001:00013cb0       mysql_get_server_version   0000000140014cb0 f   client.obj
 0001:00013d40       mysql_set_character_set    0000000140014d40 f   client.obj
 0001:00013ed0       end_server                 0000000140014ed0 f   client.obj
 0001:00013f40       mysql_close                0000000140014f40 f   client.obj
 0001:00014050       cli_safe_read              0000000140015050 f   client.obj
 0001:00014250       cli_read_rows              0000000140015250 f   client.obj
 0001:00014750       mysql_real_connect         0000000140015750 f   client.obj
 0001:00015700       mysql_reconnect            0000000140016700 f   client.obj
 0001:00015bf0       mysql_fetch_row            0000000140016bf0 f   client.obj
 0001:00015d10       cli_advanced_command       0000000140016d10 f   client.obj
 0001:00015f80       get_tty_password           0000000140016f80 f   get_password.obj
 0001:000160d0       init_client_errs           00000001400170d0 f   errmsg.obj
 0001:000160f0       finish_client_errs         00000001400170f0 f   errmsg.obj
 0001:00016100       InitializeCriticalSection  0000000140017100 f   kernel32:KERNEL32.dll
 0001:00016106       EnterCriticalSection       0000000140017106 f   kernel32:KERNEL32.dll
 0001:0001610c       LeaveCriticalSection       000000014001710c f   kernel32:KERNEL32.dll
 0001:00016112       DeleteCriticalSection      0000000140017112 f   kernel32:KERNEL32.dll
 0001:00016118       GetSystemTimeAsFileTime    0000000140017118 f   kernel32:KERNEL32.dll
 0001:0001611e       CloseHandle                000000014001711e f   kernel32:KERNEL32.dll
 0001:00016124       GetExitCodeProcess         0000000140017124 f   kernel32:KERNEL32.dll
 0001:0001612a       WaitForSingleObject        000000014001712a f   kernel32:KERNEL32.dll
 0001:00016130       CreateProcessA             0000000140017130 f   kernel32:KERNEL32.dll
 0001:00016136       SetLastError               0000000140017136 f   kernel32:KERNEL32.dll
 0001:0001613c       GetLastError               000000014001713c f   kernel32:KERNEL32.dll
 0001:00016142       CreateRemoteThread         0000000140017142 f   kernel32:KERNEL32.dll
 0001:00016148       GetProcAddress             0000000140017148 f   kernel32:KERNEL32.dll
 0001:0001614e       DuplicateHandle            000000014001714e f   kernel32:KERNEL32.dll
 0001:00016154       GetCurrentProcess          0000000140017154 f   kernel32:KERNEL32.dll
 0001:0001615a       GetModuleHandleA           000000014001715a f   kernel32:KERNEL32.dll
 0001:00016160       TerminateProcess           0000000140017160 f   kernel32:KERNEL32.dll
 0001:00016166       OpenProcess                0000000140017166 f   kernel32:KERNEL32.dll
 0001:0001616c       GetCurrentThreadId         000000014001716c f   kernel32:KERNEL32.dll
 0001:00016172       Sleep                      0000000140017172 f   kernel32:KERNEL32.dll
 0001:00016178       GetFullPathNameA           0000000140017178 f   kernel32:KERNEL32.dll
 0001:0001617e       GetModuleFileNameA         000000014001717e f   kernel32:KERNEL32.dll
 0001:00016184       SetHandleInformation       0000000140017184 f   kernel32:KERNEL32.dll
 0001:0001618a       CreatePipe                 000000014001718a f   kernel32:KERNEL32.dll
 0001:00016190       ReadFile                   0000000140017190 f   kernel32:KERNEL32.dll
 0001:00016196       SetNamedPipeHandleState    0000000140017196 f   kernel32:KERNEL32.dll
 0001:0001619c       WaitNamedPipeA             000000014001719c f   kernel32:KERNEL32.dll
 0001:000161a2       CreateFileA                00000001400171a2 f   kernel32:KERNEL32.dll
 0001:000161a8       CloseServiceHandle         00000001400171a8 f   advapi32:ADVAPI32.dll
 0001:000161ae       OpenServiceA               00000001400171ae f   advapi32:ADVAPI32.dll
 0001:000161b4       OpenSCManagerA             00000001400171b4 f   advapi32:ADVAPI32.dll
 0001:000161ba       SetServiceStatus           00000001400171ba f   advapi32:ADVAPI32.dll
 0001:000161c0       CreateServiceA             00000001400171c0 f   advapi32:ADVAPI32.dll
 0001:000161c6       DeleteService              00000001400171c6 f   advapi32:ADVAPI32.dll
 0001:000161cc       RegisterServiceCtrlHandlerA 00000001400171cc f   advapi32:ADVAPI32.dll
 0001:000161d2       StartServiceCtrlDispatcherA 00000001400171d2 f   advapi32:ADVAPI32.dll
 0001:000161e0       my_realloc                 00000001400171e0 f   mysys:my_realloc.obj
 0001:00016290       my_malloc                  0000000140017290 f   mysys:my_malloc.obj
 0001:00016350       my_no_flags_free           0000000140017350 f   mysys:my_malloc.obj
 0001:00016370       my_memdup                  0000000140017370 f   mysys:my_malloc.obj
 0001:000163c0       my_strdup                  00000001400173c0 f   mysys:my_malloc.obj
 0001:00016420       my_strndup                 0000000140017420 f   mysys:my_malloc.obj
 0001:00016470       init_dynamic_array2        0000000140017470 f   mysys:array.obj
 0001:000164f0       init_dynamic_array         00000001400174f0 f   mysys:array.obj
 0001:00016510       alloc_dynamic              0000000140017510 f   mysys:array.obj
 0001:000165c0       pop_dynamic                00000001400175c0 f   mysys:array.obj
 0001:000165e0       allocate_dynamic           00000001400175e0 f   mysys:array.obj
 0001:00016690       get_dynamic                0000000140017690 f   mysys:array.obj
 0001:000166d0       delete_dynamic             00000001400176d0 f   mysys:array.obj
 0001:00016710       delete_dynamic_element     0000000140017710 f   mysys:array.obj
 0001:00016740       freeze_size                0000000140017740 f   mysys:array.obj
 0001:000167a0       get_index_dynamic          00000001400177a0 f   mysys:array.obj
 0001:000167d0       insert_dynamic             00000001400177d0 f   mysys:array.obj
 0001:00016830       set_dynamic                0000000140017830 f   mysys:array.obj
 0001:000168d0       my_charset_same            00000001400178d0 f   mysys:charset.obj
 0001:000170d0       get_charsets_dir           00000001400180d0 f   mysys:charset.obj
 0001:00017190       add_compiled_collation     0000000140018190 f   mysys:charset.obj
 0001:00017280       free_charsets              0000000140018280 f   mysys:charset.obj
 0001:00017290       get_collation_number       0000000140018290 f   mysys:charset.obj
 0001:000172c0       get_charset_number         00000001400182c0 f   mysys:charset.obj
 0001:00017360       get_charset_name           0000000140018360 f   mysys:charset.obj
 0001:000174c0       get_charset                00000001400184c0 f   mysys:charset.obj
 0001:000175b0       get_charset_by_name        00000001400185b0 f   mysys:charset.obj
 0001:00017670       get_charset_by_csname      0000000140018670 f   mysys:charset.obj
 0001:00017720       resolve_charset            0000000140018720 f   mysys:charset.obj
 0001:00017770       resolve_collation          0000000140018770 f   mysys:charset.obj
 0001:000177b0       escape_string_for_mysql    00000001400187b0 f   mysys:charset.obj
 0001:000179c0       fs_character_set           00000001400189c0 f   mysys:charset.obj
 0001:00017a90       escape_quotes_for_mysql    0000000140018a90 f   mysys:charset.obj
 0001:00017bb0       list_add                   0000000140018bb0 f   mysys:list.obj
 0001:00017bf0       list_delete                0000000140018bf0 f   mysys:list.obj
 0001:00017c20       list_free                  0000000140018c20 f   mysys:list.obj
 0001:00017c80       list_cons                  0000000140018c80 f   mysys:list.obj
 0001:00017cd0       list_reverse               0000000140018cd0 f   mysys:list.obj
 0001:00017d00       list_length                0000000140018d00 f   mysys:list.obj
 0001:00017d20       list_walk                  0000000140018d20 f   mysys:list.obj
 0001:00017dc0       modify_defaults_file       0000000140018dc0 f   mysys:default_modify.obj
 0001:00018250       my_read                    0000000140019250 f   mysys:my_read.obj
 0001:000183b0       my_seek                    00000001400193b0 f   mysys:my_seek.obj
 0001:00018490       my_tell                    0000000140019490 f   mysys:my_seek.obj
 0001:00018530       my_dirend                  0000000140019530 f   mysys:my_lib.obj
 0001:000185a0       my_dir                     00000001400195a0 f   mysys:my_lib.obj
 0001:00018870       my_fstat                   0000000140019870 f   mysys:my_lib.obj
 0001:00018880       my_stat                    0000000140019880 f   mysys:my_lib.obj
 0001:00018940       my_close                   0000000140019940 f   mysys:my_open.obj
 0001:00018a30       my_register_filename       0000000140019a30 f   mysys:my_open.obj
 0001:00018b80       my_sopen                   0000000140019b80 f   mysys:my_open.obj
 0001:00018e30       my_open                    0000000140019e30 f   mysys:my_open.obj
 0001:00018ef0       _my_hash_init              0000000140019ef0 f   mysys:hash.obj
 0001:00018fd0       my_hash_free               0000000140019fd0 f   mysys:hash.obj
 0001:00019040       my_hash_reset              000000014001a040 f   mysys:hash.obj
 0001:00019290       my_hash_delete             000000014001a290 f   mysys:hash.obj
 0001:000195b0       my_hash_element            000000014001a5b0 f   mysys:hash.obj
 0001:000195d0       my_hash_replace            000000014001a5d0 f   mysys:hash.obj
 0001:000195f0       my_hash_first              000000014001a5f0 f   mysys:hash.obj
 0001:000196d0       my_hash_next               000000014001a6d0 f   mysys:hash.obj
 0001:00019780       my_hash_update             000000014001a780 f   mysys:hash.obj
 0001:00019a30       my_hash_search             000000014001aa30 f   mysys:hash.obj
 0001:00019a50       my_hash_insert             000000014001aa50 f   mysys:hash.obj
 0001:00019de0       pthread_cond_init          000000014001ade0 f   mysys:my_wincond.obj
 0001:00019e60       pthread_cond_destroy       000000014001ae60 f   mysys:my_wincond.obj
 0001:00019eb0       pthread_cond_timedwait     000000014001aeb0 f   mysys:my_wincond.obj
 0001:00019fc0       pthread_cond_signal        000000014001afc0 f   mysys:my_wincond.obj
 0001:0001a000       pthread_cond_broadcast     000000014001b000 f   mysys:my_wincond.obj
 0001:0001a050       pthread_attr_init          000000014001b050 f   mysys:my_wincond.obj
 0001:0001a060       pthread_attr_setstacksize  000000014001b060 f   mysys:my_wincond.obj
 0001:0001a070       pthread_attr_setprio       000000014001b070 f   mysys:my_wincond.obj
 0001:0001a080       pthread_attr_destroy       000000014001b080 f   mysys:my_wincond.obj
 0001:0001a090       localtime_r                000000014001b090 f   mysys:my_wincond.obj
 0001:0001a140       pthread_cond_wait          000000014001b140 f   mysys:my_wincond.obj
 0001:0001a150       my_sleep                   000000014001b150 f   mysys:my_sleep.obj
 0001:0001a170       my_write                   000000014001b170 f   mysys:my_write.obj
 0001:0001a2e0       my_access                  000000014001b2e0 f   mysys:my_access.obj
 0001:0001a390       check_if_legal_tablename   000000014001b390 f   mysys:my_access.obj
 0001:0001a440       is_filename_allowed        000000014001b440 f   mysys:my_access.obj
 0001:0001a4a0       check_if_legal_filename    000000014001b4a0 f   mysys:my_access.obj
 0001:0001a5f0       get_defaults_options       000000014001b5f0 f   mysys:default.obj
 0001:0001a6f0       free_defaults              000000014001b6f0 f   mysys:default.obj
 0001:0001b330       my_print_default_files     000000014001c330 f   mysys:default.obj
 0001:0001b4e0       print_defaults             000000014001c4e0 f   mysys:default.obj
 0001:0001b660       my_search_option_files     000000014001c660 f   mysys:default.obj
 0001:0001b990       my_load_defaults           000000014001c990 f   mysys:default.obj
 0001:0001bd70       load_defaults              000000014001cd70 f   mysys:default.obj
 0001:0001bd90       init_alloc_root            000000014001cd90 f   mysys:my_alloc.obj
 0001:0001be10       reset_root_defaults        000000014001ce10 f   mysys:my_alloc.obj
 0001:0001bef0       alloc_root                 000000014001cef0 f   mysys:my_alloc.obj
 0001:0001c010       multi_alloc_root           000000014001d010 f   mysys:my_alloc.obj
 0001:0001c110       free_root                  000000014001d110 f   mysys:my_alloc.obj
 0001:0001c210       set_prealloc_root          000000014001d210 f   mysys:my_alloc.obj
 0001:0001c260       strmake_root               000000014001d260 f   mysys:my_alloc.obj
 0001:0001c2b0       memdup_root                000000014001d2b0 f   mysys:my_alloc.obj
 0001:0001c300       strdup_root                000000014001d300 f   mysys:my_alloc.obj
 0001:0001c330       strlength                  000000014001d330 f   mysys:mf_format.obj
 0001:0001c390       fn_format                  000000014001d390 f   mysys:mf_format.obj
 0001:0001c5e0       my_load_path               000000014001d5e0 f   mysys:mf_loadpath.obj
 0001:0001c7f0       my_freopen                 000000014001d7f0 f   mysys:my_fopen.obj
 0001:0001c800       my_fclose                  000000014001d800 f   mysys:my_fopen.obj
 0001:0001c950       my_fopen                   000000014001d950 f   mysys:my_fopen.obj
 0001:0001cb00       my_fdopen                  000000014001db00 f   mysys:my_fopen.obj
 0001:0001cc00       dirname_length             000000014001dc00 f   mysys:mf_dirname.obj
 0001:0001cc60       convert_dirname            000000014001dc60 f   mysys:mf_dirname.obj
 0001:0001cd70       dirname_part               000000014001dd70 f   mysys:mf_dirname.obj
 0001:0001cdd0       my_thread_global_end       000000014001ddd0 f   mysys:my_thr_init.obj
 0001:0001cf20       my_thread_end              000000014001df20 f   mysys:my_thr_init.obj
 0001:0001cfa0       _my_thread_var             000000014001dfa0 f   mysys:my_thr_init.obj
 0001:0001cfc0       my_thread_dbug_id          000000014001dfc0 f   mysys:my_thr_init.obj
 0001:0001cfe0       my_thread_name             000000014001dfe0 f   mysys:my_thr_init.obj
 0001:0001d000       my_thread_init             000000014001e000 f   mysys:my_thr_init.obj
 0001:0001d0b0       my_thread_global_init      000000014001e0b0 f   mysys:my_thr_init.obj
 0001:0001d1d0       my_delete                  000000014001e1d0 f   mysys:my_delete.obj
 0001:0001d270       nt_share_delete            000000014001e270 f   mysys:my_delete.obj
 0001:0001d3d0       my_end                     000000014001e3d0 f   mysys:my_init.obj
 0001:0001d4c0       my_parameter_handler       000000014001e4c0 f   mysys:my_init.obj
 0001:0001d840       my_init                    000000014001e840 f   mysys:my_init.obj
 0001:0001d9b0       my_getopt_register_get_addr 000000014001e9b0 f   mysys:my_getopt.obj
 0001:0001da50       getopt_compare_strings     000000014001ea50 f   mysys:my_getopt.obj
 0001:0001db90       getopt_ll_limit_value      000000014001eb90 f   mysys:my_getopt.obj
 0001:0001dcc0       getopt_ull_limit_value     000000014001ecc0 f   mysys:my_getopt.obj
 0001:0001e090       my_print_help              000000014001f090 f   mysys:my_getopt.obj
 0001:0001e330       my_print_variables         000000014001f330 f   mysys:my_getopt.obj
 0001:0001e790       my_cleanup_options         000000014001f790 f   mysys:my_getopt.obj
 0001:0001e9c0       handle_options             000000014001f9c0 f   mysys:my_getopt.obj
 0001:0001f5b0       gmtime_r                   00000001400205b0 f   mysys:my_pthread.obj
 0001:0001f630       pthread_no_free            0000000140020630 f   mysys:my_pthread.obj
 0001:0001f640       pthread_dummy              0000000140020640 f   mysys:my_pthread.obj
 0001:0001f650       win_pthread_init           0000000140020650 f   mysys:my_winthread.obj
 0001:0001f660       win_pthread_mutex_trylock  0000000140020660 f   mysys:my_winthread.obj
 0001:0001f6a0       pthread_exit               00000001400206a0 f   mysys:my_winthread.obj
 0001:0001f6b0       win_pthread_setspecific    00000001400206b0 f   mysys:my_winthread.obj
 0001:0001f6d0       my_pthread_once            00000001400206d0 f   mysys:my_winthread.obj
 0001:0001f730       pthread_start              0000000140020730 f   mysys:my_winthread.obj
 0001:0001f7a0       pthread_create             00000001400207a0 f   mysys:my_winthread.obj
 0001:0001f870       my_error                   0000000140020870 f   mysys:my_error.obj
 0001:0001f940       my_printf_error            0000000140020940 f   mysys:my_error.obj
 0001:0001f9b0       my_printf_warning          00000001400209b0 f   mysys:my_error.obj
 0001:0001fa20       my_message                 0000000140020a20 f   mysys:my_error.obj
 0001:0001fa30       my_error_register          0000000140020a30 f   mysys:my_error.obj
 0001:0001fae0       my_error_unregister        0000000140020ae0 f   mysys:my_error.obj
 0001:0001fb40       my_error_unregister_all    0000000140020b40 f   mysys:my_error.obj
 0001:0001fb90       my_compress_alloc          0000000140020b90 f   mysys:my_compress.obj
 0001:0001fc50       my_uncompress              0000000140020c50 f   mysys:my_compress.obj
 0001:0001fcf0       unpackfrm                  0000000140020cf0 f   mysys:my_compress.obj
 0001:0001fdb0       my_compress                0000000140020db0 f   mysys:my_compress.obj
 0001:0001fe20       packfrm                    0000000140020e20 f   mysys:my_compress.obj
 0001:0001fee0       mysql_sha1_reset           0000000140020ee0 f   mysys:sha1.obj
 0001:00020580       mysql_sha1_result          0000000140021580 f   mysys:sha1.obj
 0001:00020620       mysql_sha1_input           0000000140021620 f   mysys:sha1.obj
 0001:00020690       find_type                  0000000140021690 f   mysys:typelib.obj
 0001:00020810       get_type                   0000000140021810 f   mysys:typelib.obj
 0001:00020830       find_typeset               0000000140021830 f   mysys:typelib.obj
 0001:000208f0       copy_typelib               00000001400218f0 f   mysys:typelib.obj
 0001:00020a30       find_type_or_exit          0000000140021a30 f   mysys:typelib.obj
 0001:00020b20       make_type                  0000000140021b20 f   mysys:typelib.obj
 0001:00020b50       my_multi_malloc            0000000140021b50 f   mysys:mulalloc.obj
 0001:00020c00       my_inet_ntoa               0000000140021c00 f   mysys:my_net.obj
 0001:00020c50       my_gethostbyname_r         0000000140021c50 f   mysys:my_net.obj
 0001:00020c90       my_gethostbyname_r_free    0000000140021c90 f   mysys:my_net.obj
 0001:00020ca0       thr_alarm_kill             0000000140021ca0 f   mysys:thr_alarm.obj
 0001:00020cb0       process_alarm              0000000140021cb0 f   mysys:thr_alarm.obj
 0001:00020cc0       thr_alarm                  0000000140021cc0 f   mysys:thr_alarm.obj
 0001:00020d10       thr_got_alarm              0000000140021d10 f   mysys:thr_alarm.obj
 0001:00020d80       thr_end_alarm              0000000140021d80 f   mysys:thr_alarm.obj
 0001:00020db0       end_thr_alarm              0000000140021db0 f   mysys:thr_alarm.obj
 0001:00020dc0       init_thr_alarm             0000000140021dc0 f   mysys:thr_alarm.obj
 0001:00020dd0       thr_alarm_info             0000000140021dd0 f   mysys:thr_alarm.obj
 0001:00020de0       resize_thr_alarm           0000000140021de0 f   mysys:thr_alarm.obj
 0001:00020df0       my_once_alloc              0000000140021df0 f   mysys:my_once.obj
 0001:00020ef0       my_once_strdup             0000000140021ef0 f   mysys:my_once.obj
 0001:00020f50       my_once_memdup             0000000140021f50 f   mysys:my_once.obj
 0001:00020fa0       my_once_free               0000000140021fa0 f   mysys:my_once.obj
 0001:00020fe0       my_getwd                   0000000140021fe0 f   mysys:my_getwd.obj
 0001:000210a0       test_if_hard_path          00000001400220a0 f   mysys:my_getwd.obj
 0001:00021110       has_path                   0000000140022110 f   mysys:my_getwd.obj
 0001:00021160       my_setwd                   0000000140022160 f   mysys:my_getwd.obj
 0001:00021230       init_compiled_charsets     0000000140022230 f   mysys:charset-def.obj
 0001:000215b0       my_fread                   00000001400225b0 f   mysys:my_fstream.obj
 0001:000216b0       my_fseek                   00000001400226b0 f   mysys:my_fstream.obj
 0001:000216e0       my_ftell                   00000001400226e0 f   mysys:my_fstream.obj
 0001:000216f0       my_fwrite                  00000001400226f0 f   mysys:my_fstream.obj
 0001:00021810       my_chsize                  0000000140022810 f   mysys:my_chsize.obj
 0001:00021990       my_filename                0000000140022990 f   mysys:my_div.obj
 0001:000219d0       my_qsort                   00000001400229d0 f   mysys:mf_qsort.obj
 0001:00022230       init_glob_errs             0000000140023230 f   mysys:errors.obj
 0001:00022240       wait_for_free_space        0000000140023240 f   mysys:errors.obj
 0001:000222b0       array_append_string_unique 00000001400232b0 f   mysys:mf_arr_appstr.obj
 0001:00022340       cleanup_dirname            0000000140023340 f   mysys:mf_pack.obj
 0001:00022640       symdirget                  0000000140023640 f   mysys:mf_pack.obj
 0001:000227c0       system_filename            00000001400237c0 f   mysys:mf_pack.obj
 0001:000227e0       intern_filename            00000001400237e0 f   mysys:mf_pack.obj
 0001:00022880       pack_dirname               0000000140023880 f   mysys:mf_pack.obj
 0001:00022a90       normalize_dirname          0000000140023a90 f   mysys:mf_pack.obj
 0001:00022b30       unpack_dirname             0000000140023b30 f   mysys:mf_pack.obj
 0001:00022c50       unpack_filename            0000000140023c50 f   mysys:mf_pack.obj
 0001:00022d10       fn_ext                     0000000140023d10 f   mysys:mf_fn_ext.obj
 0001:00022d90       my_readlink                0000000140023d90 f   mysys:my_symlink.obj
 0001:00022db0       my_symlink                 0000000140023db0 f   mysys:my_symlink.obj
 0001:00022dc0       my_is_symlink              0000000140023dc0 f   mysys:my_symlink.obj
 0001:00022df0       my_realpath                0000000140023df0 f   mysys:my_symlink.obj
 0001:00022e90       my_message_no_curses       0000000140023e90 f   mysys:my_messnc.obj
 0001:00022f40       my_sync                    0000000140023f40 f   mysys:my_sync.obj
 0001:00022ff0       my_sync_dir                0000000140023ff0 f   mysys:my_sync.obj
 0001:00023000       my_sync_dir_by_file        0000000140024000 f   mysys:my_sync.obj
 0001:00023010       strnmov                    0000000140024010 f   strings:strnmov.obj
 0001:00023050       strmake                    0000000140024050 f   strings:strmake.obj
 0001:00023090       int2str                    0000000140024090 f   strings:int2str.obj
 0001:00023190       int10_to_str               0000000140024190 f   strings:int2str.obj
 0001:00023270       strxnmov                   0000000140024270 f   strings:strxnmov.obj
 0001:000232d0       strmov                     00000001400242d0 f   strings:strmov.obj
 0001:00023300       strend                     0000000140024300 f   strings:strend.obj
 0001:00023320       strxmov                    0000000140024320 f   strings:strxmov.obj
 0001:00023380       is_prefix                  0000000140024380 f   strings:is_prefix.obj
 0001:000233c0       my_strtoll10               00000001400243c0 f   strings:my_strtoll10.obj
 0001:000239a0       my_hash_sort_latin1_de     00000001400249a0 f   strings:ctype-latin1.obj
 0001:00023a50       my_vsnprintf               0000000140024a50 f   strings:my_vsnprintf.obj
 0001:00023da0       my_snprintf                0000000140024da0 f   strings:my_vsnprintf.obj
 0001:00023dc0       strcend                    0000000140024dc0 f   strings:strcend.obj
 0001:00023de0       my_strnxfrmlen_simple      0000000140024de0 f   strings:ctype-simple.obj
 0001:00023e00       my_strnxfrm_simple         0000000140024e00 f   strings:ctype-simple.obj
 0001:00023ea0       my_strnncoll_simple        0000000140024ea0 f   strings:ctype-simple.obj
 0001:00023f50       my_strnncollsp_simple      0000000140024f50 f   strings:ctype-simple.obj
 0001:00024040       my_caseup_str_8bit         0000000140025040 f   strings:ctype-simple.obj
 0001:00024080       my_casedn_str_8bit         0000000140025080 f   strings:ctype-simple.obj
 0001:000240c0       my_caseup_8bit             00000001400250c0 f   strings:ctype-simple.obj
 0001:000240f0       my_casedn_8bit             00000001400250f0 f   strings:ctype-simple.obj
 0001:00024120       my_strcasecmp_8bit         0000000140025120 f   strings:ctype-simple.obj
 0001:00024180       my_mb_wc_8bit              0000000140025180 f   strings:ctype-simple.obj
 0001:000241c0       my_wc_mb_8bit              00000001400251c0 f   strings:ctype-simple.obj
 0001:00024220       my_snprintf_8bit           0000000140025220 f   strings:ctype-simple.obj
 0001:00024250       my_hash_sort_simple        0000000140025250 f   strings:ctype-simple.obj
 0001:000242d0       my_strntol_8bit            00000001400252d0 f   strings:ctype-simple.obj
 0001:00024450       my_strntoul_8bit           0000000140025450 f   strings:ctype-simple.obj
 0001:000245b0       my_strntoll_8bit           00000001400255b0 f   strings:ctype-simple.obj
 0001:00024740       my_strntoull_8bit          0000000140025740 f   strings:ctype-simple.obj
 0001:000248b0       my_strntod_8bit            00000001400258b0 f   strings:ctype-simple.obj
 0001:000248e0       my_long10_to_str_8bit      00000001400258e0 f   strings:ctype-simple.obj
 0001:000249f0       my_longlong10_to_str_8bit  00000001400259f0 f   strings:ctype-simple.obj
 0001:00024dc0       my_wildcmp_8bit            0000000140025dc0 f   strings:ctype-simple.obj
 0001:00024e10       my_like_range_simple       0000000140025e10 f   strings:ctype-simple.obj
 0001:00024f80       my_scan_8bit               0000000140025f80 f   strings:ctype-simple.obj
 0001:00024fe0       my_fill_8bit               0000000140025fe0 f   strings:ctype-simple.obj
 0001:00024ff0       my_numchars_8bit           0000000140025ff0 f   strings:ctype-simple.obj
 0001:00025000       my_numcells_8bit           0000000140026000 f   strings:ctype-simple.obj
 0001:00025010       my_charpos_8bit            0000000140026010 f   strings:ctype-simple.obj
 0001:00025020       my_well_formed_len_8bit    0000000140026020 f   strings:ctype-simple.obj
 0001:00025040       my_lengthsp_8bit           0000000140026040 f   strings:ctype-simple.obj
 0001:00025070       my_instr_simple            0000000140026070 f   strings:ctype-simple.obj
 0001:00025480       my_strtoll10_8bit          0000000140026480 f   strings:ctype-simple.obj
 0001:000254a0       my_mb_ctype_8bit           00000001400264a0 f   strings:ctype-simple.obj
 0001:000254d0       my_strntoull10rnd_8bit     00000001400264d0 f   strings:ctype-simple.obj
 0001:00025900       my_propagate_simple        0000000140026900 f   strings:ctype-simple.obj
 0001:00025910       my_propagate_complex       0000000140026910 f   strings:ctype-simple.obj
 0001:00025980       my_lengthsp_binary         0000000140026980 f   strings:ctype-bin.obj
 0001:00025ae0       my_mbcharlen_8bit          0000000140026ae0 f   strings:ctype-bin.obj
 0001:00025b30       my_hash_sort_8bit_bin      0000000140026b30 f   strings:ctype-bin.obj
 0001:00025b90       my_hash_sort_bin           0000000140026b90 f   strings:ctype-bin.obj
 0001:00025e30       my_wildcmp_bin             0000000140026e30 f   strings:ctype-bin.obj
 0001:000266d0       my_parse_charset_xml       00000001400276d0 f   strings:ctype.obj
 0001:00026790       my_string_repertoire       0000000140027790 f   strings:ctype.obj
 0001:00026840       my_charset_repertoire      0000000140027840 f   strings:ctype.obj
 0001:00026850       my_charset_is_ascii_based  0000000140027850 f   strings:ctype.obj
 0001:00026890       my_charset_is_8bit_pure_ascii 0000000140027890 f   strings:ctype.obj
 0001:00027490       my_wildcmp_uca             0000000140028490 f   strings:ctype-uca.obj
 0001:00028770       str2int                    0000000140029770 f   strings:str2int.obj
 0001:00028950       strtoll                    0000000140029950 f   strings:strtoll.obj
 0001:00028b60       llstr                      0000000140029b60 f   strings:llstr.obj
 0001:00028b80       ullstr                     0000000140029b80 f   strings:llstr.obj
 0001:00028ba0       my_strtod                  0000000140029ba0 f   strings:strtod.obj
 0001:00028f20       my_atof                    0000000140029f20 f   strings:strtod.obj
 0001:00028f50       longlong2str               0000000140029f50 f   strings:longlong2str.obj
 0001:00029090       longlong10_to_str          000000014002a090 f   strings:longlong2str.obj
 0001:000295d0       my_wildcmp_unicode         000000014002a5d0 f   strings:ctype-utf8.obj
 0001:0002d3e0       my_strntol_ucs2            000000014002e3e0 f   strings:ctype-ucs2.obj
 0001:0002d620       my_strntoul_ucs2           000000014002e620 f   strings:ctype-ucs2.obj
 0001:0002d840       my_strntoll_ucs2           000000014002e840 f   strings:ctype-ucs2.obj
 0001:0002dab0       my_strntoull_ucs2          000000014002eab0 f   strings:ctype-ucs2.obj
 0001:0002dce0       my_strntod_ucs2            000000014002ece0 f   strings:ctype-ucs2.obj
 0001:0002ddd0       my_strntoull10rnd_ucs2     000000014002edd0 f   strings:ctype-ucs2.obj
 0001:0002def0       my_l10tostr_ucs2           000000014002eef0 f   strings:ctype-ucs2.obj
 0001:0002e020       my_ll10tostr_ucs2          000000014002f020 f   strings:ctype-ucs2.obj
 0001:0002e170       my_strtoll10_ucs2          000000014002f170 f   strings:ctype-ucs2.obj
 0001:0002e8f0       my_like_range_ucs2         000000014002f8f0 f   strings:ctype-ucs2.obj
 0001:0002ec10       my_scan_ucs2               000000014002fc10 f   strings:ctype-ucs2.obj
 0001:0002f790       my_strnncoll_gbk_internal  0000000140030790 f   strings:ctype-gbk.obj
 0001:0002f8d0       my_strnncoll_gbk           00000001400308d0 f   strings:ctype-gbk.obj
 0001:00034200       bchange                    0000000140035200 f   strings:bchange.obj
 0001:00034270       bmove_upp                  0000000140035270 f   strings:bmove_upp.obj
 0001:000349d0       my_xml_parse               00000001400359d0 f   strings:xml.obj
 0001:00034e30       my_xml_parser_create       0000000140035e30 f   strings:xml.obj
 0001:00034e40       my_xml_parser_free         0000000140035e40 f   strings:xml.obj
 0001:00034e50       my_xml_set_value_handler   0000000140035e50 f   strings:xml.obj
 0001:00034e60       my_xml_set_enter_handler   0000000140035e60 f   strings:xml.obj
 0001:00034e70       my_xml_set_leave_handler   0000000140035e70 f   strings:xml.obj
 0001:00034e80       my_xml_set_user_data       0000000140035e80 f   strings:xml.obj
 0001:00034e90       my_xml_error_string        0000000140035e90 f   strings:xml.obj
 0001:00034ea0       my_xml_error_pos           0000000140035ea0 f   strings:xml.obj
 0001:00034ee0       my_xml_error_lineno        0000000140035ee0 f   strings:xml.obj
 0001:00034f10       my_caseup_str_mb           0000000140035f10 f   strings:ctype-mb.obj
 0001:00034fa0       my_casedn_str_mb           0000000140035fa0 f   strings:ctype-mb.obj
 0001:00035030       my_caseup_mb               0000000140036030 f   strings:ctype-mb.obj
 0001:000350b0       my_casedn_mb               00000001400360b0 f   strings:ctype-mb.obj
 0001:00035130       my_strcasecmp_mb           0000000140036130 f   strings:ctype-mb.obj
 0001:00035640       my_wildcmp_mb              0000000140036640 f   strings:ctype-mb.obj
 0001:00035690       my_numchars_mb             0000000140036690 f   strings:ctype-mb.obj
 0001:00035710       my_charpos_mb              0000000140036710 f   strings:ctype-mb.obj
 0001:000357a0       my_well_formed_len_mb      00000001400367a0 f   strings:ctype-mb.obj
 0001:00035840       my_instr_mb                0000000140036840 f   strings:ctype-mb.obj
 0001:00035c10       my_like_range_mb           0000000140036c10 f   strings:ctype-mb.obj
 0001:000362d0       my_wildcmp_mb_bin          00000001400372d0 f   strings:ctype-mb.obj
 0001:00036320       my_numcells_mb             0000000140037320 f   strings:ctype-mb.obj
 0001:000363c0       my_mb_ctype_mb             00000001400373c0 f   strings:ctype-mb.obj
 0001:00036460       vio_delete                 0000000140037460 f   vio:vio.obj
 0001:000364a0       vio_end                    00000001400374a0 f   vio:vio.obj
 0001:00036880       vio_reset                  0000000140037880 f   vio:vio.obj
 0001:000368e0       vio_new                    00000001400378e0 f   vio:vio.obj
 0001:00036980       vio_new_win32pipe          0000000140037980 f   vio:vio.obj
 0001:000369e0       vio_new_win32shared_memory 00000001400379e0 f   vio:vio.obj
 0001:00036ac0       vio_errno                  0000000140037ac0 f   vio:viosocket.obj
 0001:00036ad0       vio_read                   0000000140037ad0 f   vio:viosocket.obj
 0001:00036af0       vio_read_buff              0000000140037af0 f   vio:viosocket.obj
 0001:00036bd0       vio_write                  0000000140037bd0 f   vio:viosocket.obj
 0001:00036bf0       vio_blocking               0000000140037bf0 f   vio:viosocket.obj
 0001:00036c70       vio_is_blocking            0000000140037c70 f   vio:viosocket.obj
 0001:00036c80       vio_fastsend               0000000140037c80 f   vio:viosocket.obj
[...]
 0003:0015e660       LOCK_gethostbyname_r       000000014027e660     <common>
 0003:0015e6a0       THR_LOCK_myisam_mmap       000000014027e6a0     <common>
 0003:0015e6e0       THR_LOCK_time              000000014027e6e0     <common>
 0003:0015e720       THR_COND_threads           000000014027e720     <common>
 0003:0015e780       THR_LOCK_malloc            000000014027e780     <common>
 0003:0015e7c0       THR_LOCK_isam              000000014027e7c0     <common>
 0003:0015e800       THR_LOCK_myisam            000000014027e800     <common>
 0003:0015e840       THR_LOCK_heap              000000014027e840     <common>
 0003:0015e880       THR_LOCK_open              000000014027e880     <common>
 0003:0015e8c0       THR_LOCK_charset           000000014027e8c0     <common>
 0003:0015e900       THR_LOCK_lock              000000014027e900     <common>
 0003:0015e940       LOCK_localtime_r           000000014027e940     <common>
 0003:0015e980       THR_LOCK_net               000000014027e980     <common>
 0003:0015e9a8       _debugger_hook_dummy       000000014027e9a8     <common>
 0003:0015e9b4       __setlc_active             000000014027e9b4     <common>
 0003:0015e9c4       __unguarded_readlc_active  000000014027e9c4     <common>
 0003:0015e9c8       _nhandle                   000000014027e9c8     <common>
 0003:0015ea40       __pioinfo                  000000014027ea40     <common>
 0003:0015ec40       _pDestructExceptionObject  000000014027ec40     <common>
 0003:0015ec58       _acmdln                    000000014027ec58     <common>
 0003:0015ec6c       __env_initialized          000000014027ec6c     <common>
 0003:0015ec80       __onexitend                000000014027ec80     <common>
 0003:0015ec88       __onexitbegin              000000014027ec88     <common>
 0003:0015ec90       __mbctype_initialized      000000014027ec90     <common>
 0003:0015ec98       __dyn_tls_init_callback    000000014027ec98     <common>
 0003:0015eca0       __piob                     000000014027eca0     <common>
 0003:0015f000       _bufin                     000000014027f000     <common>
 0003:00160000       _nstream                   0000000140280000     <common>
 0005:00000000       __IMPORT_DESCRIPTOR_KERNEL32 000000014028e000     kernel32:KERNEL32.dll
 0005:00000014       __IMPORT_DESCRIPTOR_ADVAPI32 000000014028e014     advapi32:ADVAPI32.dll
 0005:00000028       __IMPORT_DESCRIPTOR_WSOCK32 000000014028e028     wsock32:WSOCK32.dll
 0005:0000003c       __IMPORT_DESCRIPTOR_WS2_32 000000014028e03c     ws2_32:WS2_32.dll
 0005:00000050       __IMPORT_DESCRIPTOR_USER32 000000014028e050     user32:USER32.dll
 0005:00000064       __NULL_IMPORT_DESCRIPTOR   000000014028e064     kernel32:KERNEL32.dll
 0005:000008e8       __imp_CryptGenRandom       000000014028e8e8     advapi32:ADVAPI32.dll
 0005:000008f0       __imp_RegEnumValueA        000000014028e8f0     advapi32:ADVAPI32.dll
 0005:000008f8       __imp_RegOpenKeyExA        000000014028e8f8     advapi32:ADVAPI32.dll
 0005:00000900       __imp_CryptAcquireContextA 000000014028e900     advapi32:ADVAPI32.dll
 0005:00000908       __imp_CryptReleaseContext  000000014028e908     advapi32:ADVAPI32.dll
 0005:00000910       __imp_StartServiceCtrlDispatcherA 000000014028e910     advapi32:ADVAPI32.dll
 0005:00000918       __imp_RegisterServiceCtrlHandlerA 000000014028e918     advapi32:ADVAPI32.dll
 0005:00000920       __imp_DeleteService        000000014028e920     advapi32:ADVAPI32.dll
 0005:00000928       __imp_CreateServiceA       000000014028e928     advapi32:ADVAPI32.dll
 0005:00000930       __imp_SetServiceStatus     000000014028e930     advapi32:ADVAPI32.dll
 0005:00000938       __imp_OpenSCManagerA       000000014028e938     advapi32:ADVAPI32.dll
 0005:00000940       __imp_OpenServiceA         000000014028e940     advapi32:ADVAPI32.dll
 0005:00000948       __imp_CloseServiceHandle   000000014028e948     advapi32:ADVAPI32.dll
 0005:00000950       __imp_RegCloseKey          000000014028e950     advapi32:ADVAPI32.dll
 0005:00000958       \177ADVAPI32_NULL_THUNK_DATA 000000014028e958     advapi32:ADVAPI32.dll
 0005:000009c0       __imp_GetModuleHandleA     000000014028e9c0     kernel32:KERNEL32.dll
 0005:000009c8       __imp_TerminateProcess     000000014028e9c8     kernel32:KERNEL32.dll
 0005:000009d0       __imp_OpenProcess          000000014028e9d0     kernel32:KERNEL32.dll
 0005:000009d8       __imp_GetCurrentThreadId   000000014028e9d8     kernel32:KERNEL32.dll
 0005:000009e0       __imp_Sleep                000000014028e9e0     kernel32:KERNEL32.dll
 0005:000009e8       __imp_GetFullPathNameA     000000014028e9e8     kernel32:KERNEL32.dll
 0005:000009f0       __imp_GetModuleFileNameA   000000014028e9f0     kernel32:KERNEL32.dll
 0005:000009f8       __imp_GetCurrentProcess    000000014028e9f8     kernel32:KERNEL32.dll
 0005:00000a00       __imp_CreatePipe           000000014028ea00     kernel32:KERNEL32.dll
 0005:00000a08       __imp_ReadFile             000000014028ea08     kernel32:KERNEL32.dll
 0005:00000a10       __imp_SetNamedPipeHandleState 000000014028ea10     kernel32:KERNEL32.dll
 0005:00000a18       __imp_WaitNamedPipeA       000000014028ea18     kernel32:KERNEL32.dll
 0005:00000a20       __imp_CreateFileA          000000014028ea20     kernel32:KERNEL32.dll
 0005:00000a28       __imp_DuplicateHandle      000000014028ea28     kernel32:KERNEL32.dll
 0005:00000a30       __imp_GetProcAddress       000000014028ea30     kernel32:KERNEL32.dll
 0005:00000a38       __imp_CreateRemoteThread   000000014028ea38     kernel32:KERNEL32.dll
 0005:00000a40       __imp_GetLastError         000000014028ea40     kernel32:KERNEL32.dll
 0005:00000a48       __imp_SetLastError         000000014028ea48     kernel32:KERNEL32.dll
 0005:00000a50       __imp_CreateProcessA       000000014028ea50     kernel32:KERNEL32.dll
 0005:00000a58       __imp_WaitForSingleObject  000000014028ea58     kernel32:KERNEL32.dll
 0005:00000a60       __imp_GetExitCodeProcess   000000014028ea60     kernel32:KERNEL32.dll
 0005:00000a68       __imp_CloseHandle          000000014028ea68     kernel32:KERNEL32.dll
 0005:00000a70       __imp_GetSystemTimeAsFileTime 000000014028ea70     kernel32:KERNEL32.dll
 0005:00000a78       __imp_DeleteCriticalSection 000000014028ea78     kernel32:KERNEL32.dll
 0005:00000a80       __imp_SetEnvironmentVariableW 000000014028ea80     kernel32:KERNEL32.dll
 0005:00000a88       __imp_LeaveCriticalSection 000000014028ea88     kernel32:KERNEL32.dll
 0005:00000a90       __imp_EnterCriticalSection 000000014028ea90     kernel32:KERNEL32.dll
 0005:00000a98       __imp_SetHandleInformation 000000014028ea98     kernel32:KERNEL32.dll
 0005:00000aa0       __imp_IsValidLocale        000000014028eaa0     kernel32:KERNEL32.dll
 0005:00000aa8       __imp_EnumSystemLocalesA   000000014028eaa8     kernel32:KERNEL32.dll
 0005:00000ab0       __imp_GetUserDefaultLCID   000000014028eab0     kernel32:KERNEL32.dll
 0005:00000ab8       __imp_GetTimeFormatA       000000014028eab8     kernel32:KERNEL32.dll
 0005:00000ac0       __imp_GetDateFormatA       000000014028eac0     kernel32:KERNEL32.dll
 0005:00000ac8       __imp_GetStringTypeW       000000014028eac8     kernel32:KERNEL32.dll
 0005:00000ad0       __imp_GetStringTypeA       000000014028ead0     kernel32:KERNEL32.dll
 0005:00000ad8       __imp_SetEnvironmentVariableA 000000014028ead8     kernel32:KERNEL32.dll
 0005:00000ae0       __imp_CompareStringW       000000014028eae0     kernel32:KERNEL32.dll
 0005:00000ae8       __imp_CompareStringA       000000014028eae8     kernel32:KERNEL32.dll
 0005:00000af0       __imp_WriteConsoleW        000000014028eaf0     kernel32:KERNEL32.dll
 0005:00000af8       __imp_GetConsoleOutputCP   000000014028eaf8     kernel32:KERNEL32.dll
 0005:00000b00       __imp_WriteConsoleA        000000014028eb00     kernel32:KERNEL32.dll
 0005:00000b08       __imp_GetLocaleInfoW       000000014028eb08     kernel32:KERNEL32.dll
 0005:00000b10       __imp_LCMapStringW         000000014028eb10     kernel32:KERNEL32.dll
 0005:00000b18       __imp_MultiByteToWideChar  000000014028eb18     kernel32:KERNEL32.dll
 0005:00000b20       __imp_LCMapStringA         000000014028eb20     kernel32:KERNEL32.dll
 0005:00000b28       __imp_HeapSize             000000014028eb28     kernel32:KERNEL32.dll
 0005:00000b30       __imp_GetCurrentProcessId  000000014028eb30     kernel32:KERNEL32.dll
 0005:00000b38       __imp_HeapDestroy          000000014028eb38     kernel32:KERNEL32.dll
 0005:00000b40       __imp_HeapCreate           000000014028eb40     kernel32:KERNEL32.dll
 0005:00000b48       __imp_HeapSetInformation   000000014028eb48     kernel32:KERNEL32.dll
 0005:00000b50       __imp_GetLocaleInfoA       000000014028eb50     kernel32:KERNEL32.dll
 0005:00000b58       __imp_CreateEventA         000000014028eb58     kernel32:KERNEL32.dll
 0005:00000b60       __imp_SetEvent             000000014028eb60     kernel32:KERNEL32.dll
 0005:00000b68       __imp_ResetEvent           000000014028eb68     kernel32:KERNEL32.dll
 0005:00000b70       __imp_WaitForMultipleObjects 000000014028eb70     kernel32:KERNEL32.dll
 0005:00000b78       __imp_GetFileAttributesExA 000000014028eb78     kernel32:KERNEL32.dll
 0005:00000b80       __imp_GetLogicalDrives     000000014028eb80     kernel32:KERNEL32.dll
 0005:00000b88       __imp_GetSystemDirectoryA  000000014028eb88     kernel32:KERNEL32.dll
 0005:00000b90       __imp_GetWindowsDirectoryA 000000014028eb90     kernel32:KERNEL32.dll
 0005:00000b98       __imp_DeleteFileA          000000014028eb98     kernel32:KERNEL32.dll
 0005:00000ba0       __imp_MoveFileA            000000014028eba0     kernel32:KERNEL32.dll
 0005:00000ba8       __imp_GetTickCount         000000014028eba8     kernel32:KERNEL32.dll
 0005:00000bb0       __imp_QueryPerformanceCounter 000000014028ebb0     kernel32:KERNEL32.dll
 0005:00000bb8       __imp_QueryPerformanceFrequency 000000014028ebb8     kernel32:KERNEL32.dll
 0005:00000bc0       __imp_TryEnterCriticalSection 000000014028ebc0     kernel32:KERNEL32.dll
 0005:00000bc8       __imp_SetThreadPriority    000000014028ebc8     kernel32:KERNEL32.dll
 0005:00000bd0       __imp_SetEndOfFile         000000014028ebd0     kernel32:KERNEL32.dll
 0005:00000bd8       __imp_SetFilePointer       000000014028ebd8     kernel32:KERNEL32.dll
 0005:00000be0       __imp_GetFileAttributesA   000000014028ebe0     kernel32:KERNEL32.dll
 0005:00000be8       __imp_GetOverlappedResult  000000014028ebe8     kernel32:KERNEL32.dll
 0005:00000bf0       __imp_CancelIo             000000014028ebf0     kernel32:KERNEL32.dll
 0005:00000bf8       __imp_WriteFile            000000014028ebf8     kernel32:KERNEL32.dll
 0005:00000c00       __imp_DisconnectNamedPipe  000000014028ec00     kernel32:KERNEL32.dll
 0005:00000c08       __imp_UnmapViewOfFile      000000014028ec08     kernel32:KERNEL32.dll
 0005:00000c10       __imp_FindClose            000000014028ec10     kernel32:KERNEL32.dll
 0005:00000c18       __imp_FindNextFileA        000000014028ec18     kernel32:KERNEL32.dll
 0005:00000c20       __imp_FindFirstFileA       000000014028ec20     kernel32:KERNEL32.dll
 0005:00000c28       __imp_FileTimeToSystemTime 000000014028ec28     kernel32:KERNEL32.dll
 0005:00000c30       __imp_FileTimeToLocalFileTime 000000014028ec30     kernel32:KERNEL32.dll
 0005:00000c38       __imp_GetDriveTypeA        000000014028ec38     kernel32:KERNEL32.dll
 0005:00000c40       __imp_ExitProcess          000000014028ec40     kernel32:KERNEL32.dll
 0005:00000c48       __imp_SetConsoleCtrlHandler 000000014028ec48     kernel32:KERNEL32.dll
 0005:00000c50       __imp_ReadConsoleInputA    000000014028ec50     kernel32:KERNEL32.dll
 0005:00000c58       __imp_SetConsoleMode       000000014028ec58     kernel32:KERNEL32.dll
 0005:00000c60       __imp_GetConsoleMode       000000014028ec60     kernel32:KERNEL32.dll
 0005:00000c68       __imp_PeekConsoleInputA    000000014028ec68     kernel32:KERNEL32.dll
 0005:00000c70       __imp_GetNumberOfConsoleInputEvents 000000014028ec70     kernel32:KERNEL32.dll
 0005:00000c78       __imp_GetCommandLineA      000000014028ec78     kernel32:KERNEL32.dll
 0005:00000c80       __imp_HeapFree             000000014028ec80     kernel32:KERNEL32.dll
 0005:00000c88       __imp_GetVersionExA        000000014028ec88     kernel32:KERNEL32.dll
 0005:00000c90       __imp_HeapAlloc            000000014028ec90     kernel32:KERNEL32.dll
 0005:00000c98       __imp_GetProcessHeap       000000014028ec98     kernel32:KERNEL32.dll
 0005:00000ca0       __imp_HeapReAlloc          000000014028eca0     kernel32:KERNEL32.dll
 0005:00000ca8       __imp_GetFileInformationByHandle 000000014028eca8     kernel32:KERNEL32.dll
 0005:00000cb0       __imp_PeekNamedPipe        000000014028ecb0     kernel32:KERNEL32.dll
 0005:00000cb8       __imp_GetFileType          000000014028ecb8     kernel32:KERNEL32.dll
 0005:00000cc0       __imp_SetStdHandle         000000014028ecc0     kernel32:KERNEL32.dll
 0005:00000cc8       __imp_WideCharToMultiByte  000000014028ecc8     kernel32:KERNEL32.dll
 0005:00000cd0       __imp_GetTimeZoneInformation 000000014028ecd0     kernel32:KERNEL32.dll
 0005:00000cd8       __imp_UnhandledExceptionFilter 000000014028ecd8     kernel32:KERNEL32.dll
 0005:00000ce0       __imp_SetUnhandledExceptionFilter 000000014028ece0     kernel32:KERNEL32.dll
 0005:00000ce8       __imp_IsDebuggerPresent    000000014028ece8     kernel32:KERNEL32.dll
 0005:00000cf0       __imp_RtlCaptureContext    000000014028ecf0     kernel32:KERNEL32.dll
 0005:00000cf8       __imp_ExitThread           000000014028ecf8     kernel32:KERNEL32.dll
 0005:00000d00       __imp_ResumeThread         000000014028ed00     kernel32:KERNEL32.dll
 0005:00000d08       __imp_CreateThread         000000014028ed08     kernel32:KERNEL32.dll
 0005:00000d10       __imp_FlushFileBuffers     000000014028ed10     kernel32:KERNEL32.dll
 0005:00000d18       __imp_GetStdHandle         000000014028ed18     kernel32:KERNEL32.dll
 0005:00000d20       __imp_FlsGetValue          000000014028ed20     kernel32:KERNEL32.dll
 0005:00000d28       __imp_TlsAlloc             000000014028ed28     kernel32:KERNEL32.dll
 0005:00000d30       __imp_FlsSetValue          000000014028ed30     kernel32:KERNEL32.dll
 0005:00000d38       __imp_TlsFree              000000014028ed38     kernel32:KERNEL32.dll
 0005:00000d40       __imp_FlsFree              000000014028ed40     kernel32:KERNEL32.dll
 0005:00000d48       __imp_TlsSetValue          000000014028ed48     kernel32:KERNEL32.dll
 0005:00000d50       __imp_GetCurrentThread     000000014028ed50     kernel32:KERNEL32.dll
 0005:00000d58       __imp_FlsAlloc             000000014028ed58     kernel32:KERNEL32.dll
 0005:00000d60       __imp_GetCurrentDirectoryA 000000014028ed60     kernel32:KERNEL32.dll
 0005:00000d68       __imp_SetCurrentDirectoryA 000000014028ed68     kernel32:KERNEL32.dll
 0005:00000d70       __imp_RtlVirtualUnwind     000000014028ed70     kernel32:KERNEL32.dll
 0005:00000d78       __imp_RtlLookupFunctionEntry 000000014028ed78     kernel32:KERNEL32.dll
 0005:00000d80       __imp_RaiseException       000000014028ed80     kernel32:KERNEL32.dll
 0005:00000d88       __imp_RtlPcToFileHeader    000000014028ed88     kernel32:KERNEL32.dll
 0005:00000d90       __imp_RtlUnwindEx          000000014028ed90     kernel32:KERNEL32.dll
 0005:00000d98       __imp_SetHandleCount       000000014028ed98     kernel32:KERNEL32.dll
 0005:00000da0       __imp_GetStartupInfoA      000000014028eda0     kernel32:KERNEL32.dll
 0005:00000da8       __imp_FatalAppExitA        000000014028eda8     kernel32:KERNEL32.dll
 0005:00000db0       __imp_GetConsoleCP         000000014028edb0     kernel32:KERNEL32.dll
 0005:00000db8       __imp_FreeLibrary          000000014028edb8     kernel32:KERNEL32.dll
 0005:00000dc0       __imp_LoadLibraryA         000000014028edc0     kernel32:KERNEL32.dll
 0005:00000dc8       __imp_GetCPInfo            000000014028edc8     kernel32:KERNEL32.dll
 0005:00000dd0       __imp_GetACP               000000014028edd0     kernel32:KERNEL32.dll
 0005:00000dd8       __imp_GetOEMCP             000000014028edd8     kernel32:KERNEL32.dll
 0005:00000de0       __imp_IsValidCodePage      000000014028ede0     kernel32:KERNEL32.dll
 0005:00000de8       __imp_FreeEnvironmentStringsA 000000014028ede8     kernel32:KERNEL32.dll
 0005:00000df0       __imp_GetEnvironmentStrings 000000014028edf0     kernel32:KERNEL32.dll
 0005:00000df8       __imp_FreeEnvironmentStringsW 000000014028edf8     kernel32:KERNEL32.dll
 0005:00000e00       __imp_GetEnvironmentStringsW 000000014028ee00     kernel32:KERNEL32.dll
 0005:00000e08       __imp_InitializeCriticalSection 000000014028ee08     kernel32:KERNEL32.dll
 0005:00000e10       \177KERNEL32_NULL_THUNK_DATA 000000014028ee10     kernel32:KERNEL32.dll
 0005:00000f40       __imp_PeekMessageA         000000014028ef40     user32:USER32.dll
 0005:00000f48       __imp_KillTimer            000000014028ef48     user32:USER32.dll
 0005:00000f50       __imp_SetTimer             000000014028ef50     user32:USER32.dll
 0005:00000f58       \177USER32_NULL_THUNK_DATA 000000014028ef58     user32:USER32.dll
 0005:00000fb0       __imp_WSAIoctl             000000014028efb0     ws2_32:WS2_32.dll
 0005:00000fb8       \177WS2_32_NULL_THUNK_DATA 000000014028efb8     ws2_32:WS2_32.dll
 0005:00001010       __imp_recv                 000000014028f010     wsock32:WSOCK32.dll
 0005:00001018       __imp_gethostbyname        000000014028f018     wsock32:WSOCK32.dll
 0005:00001020       __imp_inet_ntoa            000000014028f020     wsock32:WSOCK32.dll
 0005:00001028       __imp_WSAStartup           000000014028f028     wsock32:WSOCK32.dll
 0005:00001030       __imp_WSACleanup           000000014028f030     wsock32:WSOCK32.dll
 0005:00001038       __imp_WSAGetLastError      000000014028f038     wsock32:WSOCK32.dll
 0005:00001040       __imp_connect              000000014028f040     wsock32:WSOCK32.dll
 0005:00001048       __imp_select               000000014028f048     wsock32:WSOCK32.dll
 0005:00001050       __imp___WSAFDIsSet         000000014028f050     wsock32:WSOCK32.dll
 0005:00001058       __imp_send                 000000014028f058     wsock32:WSOCK32.dll
 0005:00001060       __imp_shutdown             000000014028f060     wsock32:WSOCK32.dll
 0005:00001068       __imp_socket               000000014028f068     wsock32:WSOCK32.dll
 0005:00001070       __imp_inet_addr            000000014028f070     wsock32:WSOCK32.dll
 0005:00001078       __imp_htonl                000000014028f078     wsock32:WSOCK32.dll
 0005:00001080       __imp_htons                000000014028f080     wsock32:WSOCK32.dll
 0005:00001088       __imp_ntohs                000000014028f088     wsock32:WSOCK32.dll
 0005:00001090       __imp_getpeername          000000014028f090     wsock32:WSOCK32.dll
 0005:00001098       __imp_WSASetLastError      000000014028f098     wsock32:WSOCK32.dll
 0005:000010a0       __imp_setsockopt           000000014028f0a0     wsock32:WSOCK32.dll
 0005:000010a8       __imp_bind                 000000014028f0a8     wsock32:WSOCK32.dll
 0005:000010b0       __imp_listen               000000014028f0b0     wsock32:WSOCK32.dll
 0005:000010b8       __imp_closesocket          000000014028f0b8     wsock32:WSOCK32.dll
 0005:000010c0       __imp_ioctlsocket          000000014028f0c0     wsock32:WSOCK32.dll
 0005:000010c8       __imp_gethostname          000000014028f0c8     wsock32:WSOCK32.dll
 0005:000010d0       __imp_accept               000000014028f0d0     wsock32:WSOCK32.dll
 0005:000010d8       \177WSOCK32_NULL_THUNK_DATA 000000014028f0d8     wsock32:WSOCK32.dll
 0006:00000000       _tls_start                 0000000140290000     LIBCMT:tlssup.obj
 0006:00000110       THR_KEY_mysys              0000000140290110     mysys:my_thr_init.obj
 0006:000002f6       _tls_end                   00000001402902f6     LIBCMT:tlssup.obj

 entry point at        0001:00061ca0

